Archive member included to satisfy reference by file (symbol)

C:/Program Files/SEGGER/SEGGER Embedded Studio 8.10c/lib/libc_v7em_fpv4_sp_d16_hard_t_le_eabi_balanced.a(mbops.o)
                              Output/Debug/Obj/sensor-test/nrf_log_str_formatter.o (isprint)
C:/Program Files/SEGGER/SEGGER Embedded Studio 8.10c/lib/libc_v7em_fpv4_sp_d16_hard_t_le_eabi_balanced.a(sortops.o)
                              C:/Program Files/SEGGER/SEGGER Embedded Studio 8.10c/lib/libc_v7em_fpv4_sp_d16_hard_t_le_eabi_balanced.a(mbops.o) (bsearch)
C:/Program Files/SEGGER/SEGGER Embedded Studio 8.10c/lib/libc_v7em_fpv4_sp_d16_hard_t_le_eabi_balanced.a(timeops.o)
                              C:/Program Files/SEGGER/SEGGER Embedded Studio 8.10c/lib/libc_v7em_fpv4_sp_d16_hard_t_le_eabi_balanced.a(mbops.o) (__SEGGER_RTL_string_list_encode)
C:/Program Files/SEGGER/SEGGER Embedded Studio 8.10c/lib/libc_v7em_fpv4_sp_d16_hard_t_le_eabi_balanced.a(floatasmops_arm.o)
                              C:/Program Files/SEGGER/SEGGER Embedded Studio 8.10c/lib/libc_v7em_fpv4_sp_d16_hard_t_le_eabi_balanced.a(timeops.o) (__aeabi_i2d)
C:/Program Files/SEGGER/SEGGER Embedded Studio 8.10c/lib/libc_v7em_fpv4_sp_d16_hard_t_le_eabi_balanced.a(prinops.o)
                              Output/Debug/Obj/sensor-test/SEGGER_RTT_Syscalls_SES.o (vsnprintf)
C:/Program Files/SEGGER/SEGGER Embedded Studio 8.10c/lib/libc_v7em_fpv4_sp_d16_hard_t_le_eabi_balanced.a(__SEGGER_RTL_vfprintf_long.o)
                              (__SEGGER_RTL_vfprintf_long)
C:/Program Files/SEGGER/SEGGER Embedded Studio 8.10c/lib/libc_v7em_fpv4_sp_d16_hard_t_le_eabi_balanced.a(__SEGGER_RTL_vfscanf_long.o)
                              (__SEGGER_RTL_vfscanf_long)
C:/Program Files/SEGGER/SEGGER Embedded Studio 8.10c/lib/libc_v7em_fpv4_sp_d16_hard_t_le_eabi_balanced.a(errno.o)
                              C:/Program Files/SEGGER/SEGGER Embedded Studio 8.10c/lib/libc_v7em_fpv4_sp_d16_hard_t_le_eabi_balanced.a(mbops.o) (__aeabi_errno_addr)
C:/Program Files/SEGGER/SEGGER Embedded Studio 8.10c/lib/libc_v7em_fpv4_sp_d16_hard_t_le_eabi_balanced.a(fileops.o)
                              C:/Program Files/SEGGER/SEGGER Embedded Studio 8.10c/lib/libc_v7em_fpv4_sp_d16_hard_t_le_eabi_balanced.a(prinops.o) (fwrite)
C:/Program Files/SEGGER/SEGGER Embedded Studio 8.10c/lib/libc_v7em_fpv4_sp_d16_hard_t_le_eabi_balanced.a(intops.o)
                              C:/Program Files/SEGGER/SEGGER Embedded Studio 8.10c/lib/libc_v7em_fpv4_sp_d16_hard_t_le_eabi_balanced.a(timeops.o) (div)
C:/Program Files/SEGGER/SEGGER Embedded Studio 8.10c/lib/libc_v7em_fpv4_sp_d16_hard_t_le_eabi_balanced.a(utilops.o)
                              C:/Program Files/SEGGER/SEGGER Embedded Studio 8.10c/lib/libc_v7em_fpv4_sp_d16_hard_t_le_eabi_balanced.a(__SEGGER_RTL_vfscanf_long.o) (__SEGGER_RTL_digit)
C:/Program Files/SEGGER/SEGGER Embedded Studio 8.10c/lib/libc_v7em_fpv4_sp_d16_hard_t_le_eabi_balanced.a(intasmops_arm.o)
                              C:/Program Files/SEGGER/SEGGER Embedded Studio 8.10c/lib/libc_v7em_fpv4_sp_d16_hard_t_le_eabi_balanced.a(intops.o) (__aeabi_ldivmod)
C:/Program Files/SEGGER/SEGGER Embedded Studio 8.10c/lib/heapops_basic_v7em_fpv4_sp_d16_hard_t_le_eabi_balanced.a(heapops_basic.o)
                              Output/Debug/Obj/sensor-test/thumb_crt0.o (__SEGGER_RTL_init_heap)
C:/Program Files/SEGGER/SEGGER Embedded Studio 8.10c/lib/heapops_disable_interrupts_locking_v7em_fpv4_sp_d16_hard_t_le_eabi_balanced.a(heapops.o)
                              C:/Program Files/SEGGER/SEGGER Embedded Studio 8.10c/lib/libc_v7em_fpv4_sp_d16_hard_t_le_eabi_balanced.a(mbops.o) (malloc)
C:/Program Files/SEGGER/SEGGER Embedded Studio 8.10c/lib/strops_unaligned_v7em_fpv4_sp_d16_hard_t_le_eabi_balanced.a(strops.o)
                              C:/Program Files/SEGGER/SEGGER Embedded Studio 8.10c/lib/libc_v7em_fpv4_sp_d16_hard_t_le_eabi_balanced.a(timeops.o) (mempcpy)
C:/Program Files/SEGGER/SEGGER Embedded Studio 8.10c/lib/strops_unaligned_v7em_fpv4_sp_d16_hard_t_le_eabi_balanced.a(strasmops_arm.o)
                              C:/Program Files/SEGGER/SEGGER Embedded Studio 8.10c/lib/libc_v7em_fpv4_sp_d16_hard_t_le_eabi_balanced.a(timeops.o) (strcmp)
C:/Program Files/SEGGER/SEGGER Embedded Studio 8.10c/lib/libc_v7em_fpv4_sp_d16_hard_t_le_eabi_balanced.a(execops.o)
                              C:/Program Files/SEGGER/SEGGER Embedded Studio 8.10c/lib/strops_unaligned_v7em_fpv4_sp_d16_hard_t_le_eabi_balanced.a(strops.o) (__SEGGER_RTL_constraint_violation)
C:/Program Files/SEGGER/SEGGER Embedded Studio 8.10c/lib/libc_v7em_fpv4_sp_d16_hard_t_le_eabi_balanced.a(execops_arm.o)
                              C:/Program Files/SEGGER/SEGGER Embedded Studio 8.10c/lib/libc_v7em_fpv4_sp_d16_hard_t_le_eabi_balanced.a(execops.o) (__aeabi_SIGABRT)
C:/Program Files/SEGGER/SEGGER Embedded Studio 8.10c/lib/libc_v7em_fpv4_sp_d16_hard_t_le_eabi_balanced.a(convops.o)
[...]
Memory Configuration

Name             Origin             Length             Attributes
UNPLACED_SECTIONS 0x00000000         0x00000000         xw
RAM1             0x20000000         0x00040000         xw
FLASH1           0x00000000         0x00100000         xw
*default*        0x00000000         0xffffffff

Linker script and memory map

                0x20000000                        __RAM1_segment_start__ = 0x20000000
                0x20040000                        __RAM1_segment_end__ = 0x20040000
                0x00040000                        __RAM1_segment_size__ = 0x40000
                0x00000000                        __FLASH1_segment_start__ = 0x0
                0x00100000                        __FLASH1_segment_end__ = 0x100000
                0x00100000                        __FLASH1_segment_size__ = 0x100000
                0x00002000                        __HEAPSIZE__ = 0x2000
                0x0000640c                        __SEGGER_RTL_vfprintf = __SEGGER_RTL_vfprintf_long
                0x00000000                        __SEGGER_RTL_vfscanf = __SEGGER_RTL_vfscanf_long
                0x00000000                        __STACKSIZE_PROCESS__ = 0x0
                0x00002000                        __STACKSIZE__ = 0x2000
                0x20000000                        __vectors_ram_load_start__ = 0x20000000

.vectors_ram    0x20000000        0x0
                0x20000000                        __vectors_ram_start__ = .
                0x20000000                        __app_ram_start__ = __vectors_ram_start__
 *(.vectors_ram .vectors_ram.*)
                0x20000000                        __vectors_ram_end__ = (__vectors_ram_start__ + SIZEOF (.vectors_ram))
                0x00000000                        __vectors_ram_size__ = SIZEOF (.vectors_ram)
                0x20000000                        __vectors_ram_load_end__ = __vectors_ram_end__
                0x00000001                        . = ASSERT (((__vectors_ram_start__ == __vectors_ram_end__) || ((__vectors_ram_end__ - __RAM1_segment_start__) <= __RAM1_segment_size__)), error: .vectors_ram is too large to fit in RAM1 memory segment)
                0x20000000                        __nrf_sections_run_load_start__ = ALIGN (__vectors_ram_end__, 0x4)

.nrf_sections_run
                0x20000000        0x0
                0x20000000                        __nrf_sections_run_start__ = .
                0x20000000                        __start_nrf_sections_run = __nrf_sections_run_start__
 *(.nrf_sections_run .nrf_sections_run.*)
                0x20000000                        __nrf_sections_run_end__ = (__nrf_sections_run_start__ + SIZEOF (.nrf_sections_run))
                0x00000000                        __nrf_sections_run_size__ = SIZEOF (.nrf_sections_run)
                0x20000000                        __nrf_sections_run_load_end__ = __nrf_sections_run_end__
                0x00000001                        . = ASSERT (((__nrf_sections_run_start__ == __nrf_sections_run_end__) || ((__nrf_sections_run_end__ - __RAM1_segment_start__) <= __RAM1_segment_size__)), error: .nrf_sections_run is too large to fit in RAM1 memory segment)
                0x00000000                        __vectors_load_start__ = 0x0

.vectors        0x00000000      0x200
                0x00000000                        __vectors_start__ = .
 *(.vectors .vectors.*)
 .vectors       0x00000000      0x200 Output/Debug/Obj/sensor-test/ses_startup_nrf52840.o
                0x00000000                _vectors
                0x00000200                        __vectors_end__ = (__vectors_start__ + SIZEOF (.vectors))
                0x00000200                        __vectors_size__ = SIZEOF (.vectors)
                0x00000200                        __vectors_load_end__ = __vectors_end__
                0x00000001                        . = ASSERT (((__vectors_start__ == __vectors_end__) || ((__vectors_end__ - __FLASH1_segment_start__) <= __FLASH1_segment_size__)), error: .vectors is too large to fit in FLASH1 memory segment)
                0x00000200                        __init_load_start__ = ALIGN (__vectors_end__, 0x4)

.init           0x00000200      0x1e4
                0x00000200                        __init_start__ = .
 *(.init .init.*)
 .init          0x00000200       0x18 Output/Debug/Obj/sensor-test/ses_startup_nrf52840.o
                0x00000200                NMI_Handler
                0x00000202                HardFault_Handler
                0x00000204                MemoryManagement_Handler
                0x00000206                BusFault_Handler
                0x00000208                UsageFault_Handler
                0x0000020a                SVC_Handler
                0x0000020c                DebugMon_Handler
                0x0000020e                PendSV_Handler
                0x00000210                SysTick_Handler
                0x00000212                PWM1_IRQHandler
                0x00000212                GPIOTE_IRQHandler
                0x00000212                RTC0_IRQHandler
                0x00000212                POWER_CLOCK_IRQHandler
                0x00000212                RADIO_IRQHandler
                0x00000212                SWI2_EGU2_IRQHandler
                0x00000212                TEMP_IRQHandler
                0x00000212                QDEC_IRQHandler
                0x00000212                TIMER3_IRQHandler
                0x00000212                PWM3_IRQHandler
                0x00000212                FPU_IRQHandler
                0x00000212                USBD_IRQHandler
                0x00000212                QSPI_IRQHandler
                0x00000212                TIMER4_IRQHandler
                0x00000212                PDM_IRQHandler
                0x00000212                I2S_IRQHandler
                0x00000212                SWI4_EGU4_IRQHandler
                0x00000212                TIMER0_IRQHandler
                0x00000212                UARTE1_IRQHandler
                0x00000212                Dummy_Handler
                0x00000212                TIMER1_IRQHandler
                0x00000212                SPIM3_IRQHandler
                0x00000212                PWM2_IRQHandler
                0x00000212                ECB_IRQHandler
                0x00000212                SAADC_IRQHandler
                0x00000212                CCM_AAR_IRQHandler
                0x00000212                WDT_IRQHandler
                0x00000212                SWI0_EGU0_IRQHandler
                0x00000212                SWI5_EGU5_IRQHandler
                0x00000212                RNG_IRQHandler
                0x00000212                RTC2_IRQHandler
                0x00000212                PWM0_IRQHandler
                0x00000212                SWI3_EGU3_IRQHandler
                0x00000212                RTC1_IRQHandler
                0x00000212                SWI1_EGU1_IRQHandler
                0x00000212                SPIM2_SPIS2_SPI2_IRQHandler
                0x00000212                NFCT_IRQHandler
                0x00000212                CRYPTOCELL_IRQHandler
                0x00000212                MWU_IRQHandler
                0x00000212                TIMER2_IRQHandler
                0x00000212                COMP_LPCOMP_IRQHandler
                0x00000214                nRFInitialize
 .init          0x00000218       0x5c Output/Debug/Obj/sensor-test/ses_startup_nrf_common.o
                0x00000218                Reset_Handler
                0x0000021c                afterInitialize
                0x00000240                InitializeUserMemorySections
 .init          0x00000274      0x170 Output/Debug/Obj/sensor-test/thumb_crt0.o
                0x00000274                _start
                0x00000322                exit
                0x00000322                _Exit
                0x000003e4                        __init_end__ = (__init_start__ + SIZEOF (.init))
                0x000001e4                        __init_size__ = SIZEOF (.init)
                0x000003e4                        __init_load_end__ = __init_end__
                0x00000001                        . = ASSERT (((__init_start__ == __init_end__) || ((__init_end__ - __FLASH1_segment_start__) <= __FLASH1_segment_size__)), error: .init is too large to fit in FLASH1 memory segment)
                0x000003e4                        __init_rodata_load_start__ = ALIGN (__init_end__, 0x4)

.init_rodata    0x000003e4        0x0
                0x000003e4                        __init_rodata_start__ = .
 *(.init_rodata .init_rodata.*)
                0x000003e4                        __init_rodata_end__ = (__init_rodata_start__ + SIZEOF (.init_rodata))
                0x00000000                        __init_rodata_size__ = SIZEOF (.init_rodata)
                0x000003e4                        __init_rodata_load_end__ = __init_rodata_end__
                0x00000001                        . = ASSERT (((__init_rodata_start__ == __init_rodata_end__) || ((__init_rodata_end__ - __FLASH1_segment_start__) <= __FLASH1_segment_size__)), error: .init_rodata is too large to fit in FLASH1 memory segment)
                0x000003e4                        __text_load_start__ = ALIGN (__init_rodata_end__, 0x4)

.text           0x000003e4     0x67d8
                0x000003e4                        __text_start__ = .
 *(.text .text.* .gnu.linkonce.t.* .glue_7t .glue_7 .gcc_except_table .ARM.extab* .gnu.linkonce.armextab.*)
 .glue_7        0x000003e4        0x0 linker stubs
 .glue_7t       0x000003e4        0x0 linker stubs
 .text.nrf_drv_twi_enable
                0x000003e4       0x18 Output/Debug/Obj/sensor-test/main.o
 .text.nrf_drv_twi_tx
                0x000003fc       0x40 Output/Debug/Obj/sensor-test/main.o
 .text.nrf_drv_twi_rx
                0x0000043c       0x38 Output/Debug/Obj/sensor-test/main.o
 .text.ADXL372_read_register
                0x00000474       0x6c Output/Debug/Obj/sensor-test/main.o
                0x00000474                ADXL372_read_register
 .text.ADXL372_read_accel_data
                0x000004e0       0xa2 Output/Debug/Obj/sensor-test/main.o
                0x000004e0                ADXL372_read_accel_data
 *fill*         0x00000582        0x2 
 .text.twi_init
                0x00000584       0x5c Output/Debug/Obj/sensor-test/main.o
                0x00000584                twi_init
 .text.main     0x000005e0       0xa8 Output/Debug/Obj/sensor-test/main.o
                0x000005e0                main
 .text.__NVIC_SystemReset
                0x00000688       0x28 Output/Debug/Obj/sensor-test/system_nrf52840.o
 .text.nrf52_errata_36
                0x000006b0       0x64 Output/Debug/Obj/sensor-test/system_nrf52840.o
 .text.nrf52_errata_66
                0x00000714       0x64 Output/Debug/Obj/sensor-test/system_nrf52840.o
 .text.nrf52_errata_98
                0x00000778       0x64 Output/Debug/Obj/sensor-test/system_nrf52840.o
 .text.nrf52_errata_103
                0x000007dc       0x64 Output/Debug/Obj/sensor-test/system_nrf52840.o
 .text.nrf52_errata_115
                0x00000840       0x64 Output/Debug/Obj/sensor-test/system_nrf52840.o
 .text.nrf52_errata_120
                0x000008a4       0x64 Output/Debug/Obj/sensor-test/system_nrf52840.o
 .text.nrf52_errata_136
                0x00000908       0x64 Output/Debug/Obj/sensor-test/system_nrf52840.o
 .text.nrf52_errata_249
                0x0000096c       0x64 Output/Debug/Obj/sensor-test/system_nrf52840.o
 .text.nrf52_handle_approtect
                0x000009d0       0x20 Output/Debug/Obj/sensor-test/system_nrf52840.o
 .text.nvmc_wait
                0x000009f0       0x18 Output/Debug/Obj/sensor-test/system_nrf52840.o
                0x000009f0                nvmc_wait
 .text.nvmc_config
                0x00000a08       0x20 Output/Debug/Obj/sensor-test/system_nrf52840.o
                0x00000a08                nvmc_config
 .text.SystemCoreClockUpdate
                0x00000a28       0x14 Output/Debug/Obj/sensor-test/system_nrf52840.o
                0x00000a28                SystemCoreClockUpdate
 .text.SystemInit
                0x00000a3c      0x228 Output/Debug/Obj/sensor-test/system_nrf52840.o
                0x00000a3c                SystemInit
 .text.nrfx_coredep_delay_us
                0x00000c64       0x30 Output/Debug/Obj/sensor-test/nrf_drv_twi.o
 .text.nrf_gpio_pin_port_decode
                0x00000c94       0x4c Output/Debug/Obj/sensor-test/nrf_drv_twi.o
 .text.nrf_gpio_pin_set
                0x00000ce0       0x28 Output/Debug/Obj/sensor-test/nrf_drv_twi.o
 .text.nrf_gpio_pin_clear
                0x00000d08       0x28 Output/Debug/Obj/sensor-test/nrf_drv_twi.o
 .text.nrf_gpio_pin_read
                0x00000d30       0x2a Output/Debug/Obj/sensor-test/nrf_drv_twi.o
 .text.nrf_gpio_port_in_read
                0x00000d5a       0x10 Output/Debug/Obj/sensor-test/nrf_drv_twi.o
 .text.nrf_gpio_port_out_set
                0x00000d6a       0x14 Output/Debug/Obj/sensor-test/nrf_drv_twi.o
 .text.nrf_gpio_port_out_clear
                0x00000d7e       0x14 Output/Debug/Obj/sensor-test/nrf_drv_twi.o
 .text.nrf_gpio_pin_present_check
                0x00000d92       0x50 Output/Debug/Obj/sensor-test/nrf_drv_twi.o
 .text.twi_clear_bus
                0x00000de2       0xde Output/Debug/Obj/sensor-test/nrf_drv_twi.o
 .text.twim_evt_handler
                0x00000ec0       0x6c Output/Debug/Obj/sensor-test/nrf_drv_twi.o
 .text.nrf_drv_twi_init
                0x00000f2c       0x68 Output/Debug/Obj/sensor-test/nrf_drv_twi.o
                0x00000f2c                nrf_drv_twi_init
 .text.uarte_evt_handler
                0x00000f94       0x50 Output/Debug/Obj/sensor-test/nrf_drv_uart.o
 .text.uart_evt_handler
                0x00000fe4       0x50 Output/Debug/Obj/sensor-test/nrf_drv_uart.o
 .text.nrf_drv_uart_init
                0x00001034       0xdc Output/Debug/Obj/sensor-test/nrf_drv_uart.o
                0x00001034                nrf_drv_uart_init
 .text.UARTE0_UART0_IRQHandler
                0x00001110       0x24 Output/Debug/Obj/sensor-test/nrfx_prs.o
                0x00001110                UARTE0_UART0_IRQHandler
 .text.prs_box_get
                0x00001134       0x20 Output/Debug/Obj/sensor-test/nrfx_prs.o
 .text.nrfx_prs_acquire
                0x00001154       0x74 Output/Debug/Obj/sensor-test/nrfx_prs.o
                0x00001154                nrfx_prs_acquire
 .text.nrfx_prs_release
                0x000011c8       0x3c Output/Debug/Obj/sensor-test/nrfx_prs.o
                0x000011c8                nrfx_prs_release
 .text.__NVIC_EnableIRQ
                0x00001204       0x34 Output/Debug/Obj/sensor-test/nrfx_twim.o
 .text.__NVIC_ClearPendingIRQ
                0x00001238       0x38 Output/Debug/Obj/sensor-test/nrfx_twim.o
 .text.__NVIC_SetPriority
                0x00001270       0x50 Output/Debug/Obj/sensor-test/nrfx_twim.o
 .text.nrfx_is_in_ram
                0x000012c0       0x1c Output/Debug/Obj/sensor-test/nrfx_twim.o
 .text.nrfx_get_irq_number
                0x000012dc       0x10 Output/Debug/Obj/sensor-test/nrfx_twim.o
 .text._NRFX_IRQ_PRIORITY_SET
                0x000012ec       0x40 Output/Debug/Obj/sensor-test/nrfx_twim.o
 .text._NRFX_IRQ_ENABLE
                0x0000132c       0x1c Output/Debug/Obj/sensor-test/nrfx_twim.o
 .text._NRFX_IRQ_PENDING_CLEAR
                0x00001348       0x1c Output/Debug/Obj/sensor-test/nrfx_twim.o
 .text.nrf_twim_task_trigger
                0x00001364       0x1c Output/Debug/Obj/sensor-test/nrfx_twim.o
 .text.nrf_twim_event_clear
                0x00001380       0x2a Output/Debug/Obj/sensor-test/nrfx_twim.o
 .text.nrf_twim_event_check
                0x000013aa       0x24 Output/Debug/Obj/sensor-test/nrfx_twim.o
 .text.nrf_twim_int_enable
                0x000013ce       0x14 Output/Debug/Obj/sensor-test/nrfx_twim.o
 .text.nrf_twim_int_disable
                0x000013e2       0x14 Output/Debug/Obj/sensor-test/nrfx_twim.o
 .text.nrf_twim_enable
                0x000013f6       0x12 Output/Debug/Obj/sensor-test/nrfx_twim.o
 .text.nrf_twim_disable
                0x00001408       0x12 Output/Debug/Obj/sensor-test/nrfx_twim.o
 .text.nrf_twim_pins_set
                0x0000141a       0x1e Output/Debug/Obj/sensor-test/nrfx_twim.o
 .text.nrf_twim_frequency_set
                0x00001438       0x14 Output/Debug/Obj/sensor-test/nrfx_twim.o
 .text.nrf_twim_errorsrc_get_and_clear
                0x0000144c       0x1c Output/Debug/Obj/sensor-test/nrfx_twim.o
 .text.nrf_twim_address_set
                0x00001468       0x1a Output/Debug/Obj/sensor-test/nrfx_twim.o
 .text.nrf_twim_tx_buffer_set
                0x00001482       0x1e Output/Debug/Obj/sensor-test/nrfx_twim.o
 .text.nrf_twim_rx_buffer_set
                0x000014a0       0x1e Output/Debug/Obj/sensor-test/nrfx_twim.o
 .text.nrf_twim_shorts_set
                0x000014be       0x14 Output/Debug/Obj/sensor-test/nrfx_twim.o
 .text.nrf_twim_txd_amount_get
                0x000014d2       0x10 Output/Debug/Obj/sensor-test/nrfx_twim.o
 .text.nrf_twim_shorts_get
                0x000014e2       0x10 Output/Debug/Obj/sensor-test/nrfx_twim.o
 .text.nrf_twim_rxd_amount_get
                0x000014f2       0x10 Output/Debug/Obj/sensor-test/nrfx_twim.o
 .text.nrf_twim_tx_list_enable
                0x00001502       0x12 Output/Debug/Obj/sensor-test/nrfx_twim.o
 .text.nrf_twim_tx_list_disable
                0x00001514       0x12 Output/Debug/Obj/sensor-test/nrfx_twim.o
 .text.nrf_twim_rx_list_enable
                0x00001526       0x12 Output/Debug/Obj/sensor-test/nrfx_twim.o
 .text.nrf_twim_rx_list_disable
                0x00001538       0x12 Output/Debug/Obj/sensor-test/nrfx_twim.o
 *fill*         0x0000154a        0x2 
 .text.nrf_gpio_pin_port_decode
                0x0000154c       0x4c Output/Debug/Obj/sensor-test/nrfx_twim.o
 .text.nrf_gpio_cfg
                0x00001598       0x62 Output/Debug/Obj/sensor-test/nrfx_twim.o
 .text.nrf_gpio_pin_present_check
                0x000015fa       0x50 Output/Debug/Obj/sensor-test/nrfx_twim.o
 .text.twi_process_error
                0x0000164a       0x40 Output/Debug/Obj/sensor-test/nrfx_twim.o
 *fill*         0x0000168a        0x2 
 .text.xfer_completeness_check
                0x0000168c       0xfc Output/Debug/Obj/sensor-test/nrfx_twim.o
 .text.nrfx_twim_init
                0x00001788      0x148 Output/Debug/Obj/sensor-test/nrfx_twim.o
                0x00001788                nrfx_twim_init
 .text.nrfx_twim_enable
                0x000018d0       0x50 Output/Debug/Obj/sensor-test/nrfx_twim.o
                0x000018d0                nrfx_twim_enable
 .text.twim_list_enable_handle
                0x00001920       0x40 Output/Debug/Obj/sensor-test/nrfx_twim.o
 .text.twim_xfer
                0x00001960      0x440 Output/Debug/Obj/sensor-test/nrfx_twim.o
 .text.nrfx_twim_xfer
                0x00001da0       0xb8 Output/Debug/Obj/sensor-test/nrfx_twim.o
                0x00001da0                nrfx_twim_xfer
 .text.nrfx_twim_tx
                0x00001e58       0x50 Output/Debug/Obj/sensor-test/nrfx_twim.o
                0x00001e58                nrfx_twim_tx
 .text.nrfx_twim_rx
                0x00001ea8       0x44 Output/Debug/Obj/sensor-test/nrfx_twim.o
                0x00001ea8                nrfx_twim_rx
 .text.twim_irq_handler
                0x00001eec      0x2a4 Output/Debug/Obj/sensor-test/nrfx_twim.o
 .text.SPIM0_SPIS0_TWIM0_TWIS0_SPI0_TWI0_IRQHandler
                0x00002190       0x18 Output/Debug/Obj/sensor-test/nrfx_twim.o
                0x00002190                SPIM0_SPIS0_TWIM0_TWIS0_SPI0_TWI0_IRQHandler
 .text.SPIM1_SPIS1_TWIM1_TWIS1_SPI1_TWI1_IRQHandler
                0x000021a8       0x14 Output/Debug/Obj/sensor-test/nrfx_twim.o
                0x000021a8                SPIM1_SPIS1_TWIM1_TWIS1_SPI1_TWI1_IRQHandler
 .text.__NVIC_EnableIRQ
                0x000021bc       0x34 Output/Debug/Obj/sensor-test/nrfx_uart.o
 .text.__NVIC_DisableIRQ
                0x000021f0       0x44 Output/Debug/Obj/sensor-test/nrfx_uart.o
 .text.__NVIC_SetPriority
                0x00002234       0x50 Output/Debug/Obj/sensor-test/nrfx_uart.o
 .text.nrfx_get_irq_number
                0x00002284       0x10 Output/Debug/Obj/sensor-test/nrfx_uart.o
 .text._NRFX_IRQ_PRIORITY_SET
                0x00002294       0x40 Output/Debug/Obj/sensor-test/nrfx_uart.o
 .text._NRFX_IRQ_ENABLE
                0x000022d4       0x1c Output/Debug/Obj/sensor-test/nrfx_uart.o
 .text._NRFX_IRQ_DISABLE
                0x000022f0       0x1c Output/Debug/Obj/sensor-test/nrfx_uart.o
 .text.nrf_uart_event_clear
                0x0000230c       0x2a Output/Debug/Obj/sensor-test/nrfx_uart.o
 .text.nrf_uart_event_check
                0x00002336       0x24 Output/Debug/Obj/sensor-test/nrfx_uart.o
 .text.nrf_uart_int_enable
                0x0000235a       0x14 Output/Debug/Obj/sensor-test/nrfx_uart.o
 .text.nrf_uart_int_enable_check
                0x0000236e       0x20 Output/Debug/Obj/sensor-test/nrfx_uart.o
 .text.nrf_uart_int_disable
                0x0000238e       0x14 Output/Debug/Obj/sensor-test/nrfx_uart.o
 .text.nrf_uart_errorsrc_get_and_clear
                0x000023a2       0x1c Output/Debug/Obj/sensor-test/nrfx_uart.o
 .text.nrf_uart_enable
                0x000023be       0x12 Output/Debug/Obj/sensor-test/nrfx_uart.o
 .text.nrf_uart_disable
                0x000023d0       0x12 Output/Debug/Obj/sensor-test/nrfx_uart.o
 .text.nrf_uart_txrx_pins_set
                0x000023e2       0x1e Output/Debug/Obj/sensor-test/nrfx_uart.o
 .text.nrf_uart_txrx_pins_disconnect
                0x00002400       0x1c Output/Debug/Obj/sensor-test/nrfx_uart.o
 .text.nrf_uart_tx_pin_get
                0x0000241c       0x10 Output/Debug/Obj/sensor-test/nrfx_uart.o
 .text.nrf_uart_rx_pin_get
                0x0000242c       0x10 Output/Debug/Obj/sensor-test/nrfx_uart.o
 .text.nrf_uart_rts_pin_get
                0x0000243c       0x10 Output/Debug/Obj/sensor-test/nrfx_uart.o
 .text.nrf_uart_cts_pin_get
                0x0000244c       0x10 Output/Debug/Obj/sensor-test/nrfx_uart.o
 .text.nrf_uart_hwfc_pins_set
                0x0000245c       0x1e Output/Debug/Obj/sensor-test/nrfx_uart.o
 .text.nrf_uart_hwfc_pins_disconnect
                0x0000247a       0x1c Output/Debug/Obj/sensor-test/nrfx_uart.o
 .text.nrf_uart_rxd_get
                0x00002496       0x12 Output/Debug/Obj/sensor-test/nrfx_uart.o
 .text.nrf_uart_txd_set
                0x000024a8       0x1a Output/Debug/Obj/sensor-test/nrfx_uart.o
 .text.nrf_uart_task_trigger
                0x000024c2       0x1c Output/Debug/Obj/sensor-test/nrfx_uart.o
 .text.nrf_uart_configure
                0x000024de       0x2a Output/Debug/Obj/sensor-test/nrfx_uart.o
 .text.nrf_uart_baudrate_set
                0x00002508       0x14 Output/Debug/Obj/sensor-test/nrfx_uart.o
 .text.nrf_gpio_pin_port_decode
                0x0000251c       0x4c Output/Debug/Obj/sensor-test/nrfx_uart.o
 .text.nrf_gpio_cfg
                0x00002568       0x62 Output/Debug/Obj/sensor-test/nrfx_uart.o
 .text.nrf_gpio_cfg_output
                0x000025ca       0x22 Output/Debug/Obj/sensor-test/nrfx_uart.o
 .text.nrf_gpio_cfg_input
                0x000025ec       0x2a Output/Debug/Obj/sensor-test/nrfx_uart.o
 .text.nrf_gpio_cfg_default
                0x00002616       0x22 Output/Debug/Obj/sensor-test/nrfx_uart.o
 .text.nrf_gpio_pin_set
                0x00002638       0x28 Output/Debug/Obj/sensor-test/nrfx_uart.o
 .text.nrf_gpio_port_out_set
                0x00002660       0x14 Output/Debug/Obj/sensor-test/nrfx_uart.o
 .text.nrf_gpio_pin_present_check
                0x00002674       0x50 Output/Debug/Obj/sensor-test/nrfx_uart.o
 .text.apply_config
                0x000026c4       0xc6 Output/Debug/Obj/sensor-test/nrfx_uart.o
 *fill*         0x0000278a        0x2 
 .text.interrupts_enable
                0x0000278c       0x6c Output/Debug/Obj/sensor-test/nrfx_uart.o
 .text.interrupts_disable
                0x000027f8       0x30 Output/Debug/Obj/sensor-test/nrfx_uart.o
 .text.pins_to_default
                0x00002828       0x8a Output/Debug/Obj/sensor-test/nrfx_uart.o
 *fill*         0x000028b2        0x2 
 .text.nrfx_uart_init
                0x000028b4       0xd4 Output/Debug/Obj/sensor-test/nrfx_uart.o
                0x000028b4                nrfx_uart_init
 .text.nrfx_uart_uninit
                0x00002988       0x5c Output/Debug/Obj/sensor-test/nrfx_uart.o
                0x00002988                nrfx_uart_uninit
 .text.tx_byte  0x000029e4       0x40 Output/Debug/Obj/sensor-test/nrfx_uart.o
 .text.tx_blocking
                0x00002a24       0x52 Output/Debug/Obj/sensor-test/nrfx_uart.o
 *fill*         0x00002a76        0x2 
 .text.nrfx_uart_tx
                0x00002a78      0x110 Output/Debug/Obj/sensor-test/nrfx_uart.o
                0x00002a78                nrfx_uart_tx
 .text.nrfx_uart_tx_in_progress
                0x00002b88       0x2c Output/Debug/Obj/sensor-test/nrfx_uart.o
                0x00002b88                nrfx_uart_tx_in_progress
 .text.rx_byte  0x00002bb4       0x4e Output/Debug/Obj/sensor-test/nrfx_uart.o
 .text.rx_done_event
                0x00002c02       0x2e Output/Debug/Obj/sensor-test/nrfx_uart.o
 .text.tx_done_event
                0x00002c30       0x34 Output/Debug/Obj/sensor-test/nrfx_uart.o
 .text.uart_irq_handler
                0x00002c64      0x1de Output/Debug/Obj/sensor-test/nrfx_uart.o
 *fill*         0x00002e42        0x2 
 .text.nrfx_uart_0_irq_handler
                0x00002e44       0x18 Output/Debug/Obj/sensor-test/nrfx_uart.o
                0x00002e44                nrfx_uart_0_irq_handler
 .text.__NVIC_EnableIRQ
                0x00002e5c       0x34 Output/Debug/Obj/sensor-test/nrfx_uarte.o
 .text.__NVIC_DisableIRQ
                0x00002e90       0x44 Output/Debug/Obj/sensor-test/nrfx_uarte.o
 .text.__NVIC_SetPriority
                0x00002ed4       0x50 Output/Debug/Obj/sensor-test/nrfx_uarte.o
 .text.nrfx_is_in_ram
                0x00002f24       0x1c Output/Debug/Obj/sensor-test/nrfx_uarte.o
 .text.nrfx_get_irq_number
                0x00002f40       0x10 Output/Debug/Obj/sensor-test/nrfx_uarte.o
 .text._NRFX_IRQ_PRIORITY_SET
                0x00002f50       0x40 Output/Debug/Obj/sensor-test/nrfx_uarte.o
 .text._NRFX_IRQ_ENABLE
                0x00002f90       0x1c Output/Debug/Obj/sensor-test/nrfx_uarte.o
 .text._NRFX_IRQ_DISABLE
                0x00002fac       0x1c Output/Debug/Obj/sensor-test/nrfx_uarte.o
 .text.nrf_uarte_event_clear
                0x00002fc8       0x2a Output/Debug/Obj/sensor-test/nrfx_uarte.o
 .text.nrf_uarte_event_check
                0x00002ff2       0x24 Output/Debug/Obj/sensor-test/nrfx_uarte.o
 .text.nrf_uarte_shorts_disable
                0x00003016       0x1e Output/Debug/Obj/sensor-test/nrfx_uarte.o
 .text.nrf_uarte_int_enable
                0x00003034       0x14 Output/Debug/Obj/sensor-test/nrfx_uarte.o
 .text.nrf_uarte_int_disable
                0x00003048       0x14 Output/Debug/Obj/sensor-test/nrfx_uarte.o
 .text.nrf_uarte_errorsrc_get_and_clear
                0x0000305c       0x1c Output/Debug/Obj/sensor-test/nrfx_uarte.o
 .text.nrf_uarte_enable
                0x00003078       0x12 Output/Debug/Obj/sensor-test/nrfx_uarte.o
 .text.nrf_uarte_disable
                0x0000308a       0x12 Output/Debug/Obj/sensor-test/nrfx_uarte.o
 .text.nrf_uarte_txrx_pins_set
                0x0000309c       0x1e Output/Debug/Obj/sensor-test/nrfx_uarte.o
 .text.nrf_uarte_txrx_pins_disconnect
                0x000030ba       0x1c Output/Debug/Obj/sensor-test/nrfx_uarte.o
 .text.nrf_uarte_tx_pin_get
                0x000030d6       0x10 Output/Debug/Obj/sensor-test/nrfx_uarte.o
 .text.nrf_uarte_rx_pin_get
                0x000030e6       0x10 Output/Debug/Obj/sensor-test/nrfx_uarte.o
 .text.nrf_uarte_rts_pin_get
                0x000030f6       0x10 Output/Debug/Obj/sensor-test/nrfx_uarte.o
 .text.nrf_uarte_cts_pin_get
                0x00003106       0x10 Output/Debug/Obj/sensor-test/nrfx_uarte.o
 .text.nrf_uarte_hwfc_pins_set
                0x00003116       0x1e Output/Debug/Obj/sensor-test/nrfx_uarte.o
 .text.nrf_uarte_hwfc_pins_disconnect
                0x00003134       0x1c Output/Debug/Obj/sensor-test/nrfx_uarte.o
 .text.nrf_uarte_task_trigger
                0x00003150       0x1c Output/Debug/Obj/sensor-test/nrfx_uarte.o
 .text.nrf_uarte_configure
                0x0000316c       0x2a Output/Debug/Obj/sensor-test/nrfx_uarte.o
 .text.nrf_uarte_baudrate_set
                0x00003196       0x14 Output/Debug/Obj/sensor-test/nrfx_uarte.o
 .text.nrf_uarte_tx_buffer_set
                0x000031aa       0x1e Output/Debug/Obj/sensor-test/nrfx_uarte.o
 .text.nrf_uarte_tx_amount_get
                0x000031c8       0x10 Output/Debug/Obj/sensor-test/nrfx_uarte.o
 .text.nrf_uarte_rx_amount_get
                0x000031d8       0x10 Output/Debug/Obj/sensor-test/nrfx_uarte.o
 .text.nrf_gpio_pin_port_decode
                0x000031e8       0x4c Output/Debug/Obj/sensor-test/nrfx_uarte.o
 .text.nrf_gpio_cfg
                0x00003234       0x62 Output/Debug/Obj/sensor-test/nrfx_uarte.o
 .text.nrf_gpio_cfg_output
                0x00003296       0x22 Output/Debug/Obj/sensor-test/nrfx_uarte.o
 .text.nrf_gpio_cfg_input
                0x000032b8       0x2a Output/Debug/Obj/sensor-test/nrfx_uarte.o
 .text.nrf_gpio_cfg_default
                0x000032e2       0x22 Output/Debug/Obj/sensor-test/nrfx_uarte.o
 .text.nrf_gpio_pin_set
                0x00003304       0x28 Output/Debug/Obj/sensor-test/nrfx_uarte.o
 .text.nrf_gpio_port_out_set
                0x0000332c       0x14 Output/Debug/Obj/sensor-test/nrfx_uarte.o
 .text.nrf_gpio_pin_present_check
                0x00003340       0x50 Output/Debug/Obj/sensor-test/nrfx_uarte.o
 .text.apply_config
                0x00003390       0xc6 Output/Debug/Obj/sensor-test/nrfx_uarte.o
 *fill*         0x00003456        0x2 
 .text.interrupts_enable
                0x00003458       0x98 Output/Debug/Obj/sensor-test/nrfx_uarte.o
 .text.interrupts_disable
                0x000034f0       0x30 Output/Debug/Obj/sensor-test/nrfx_uarte.o
 .text.pins_to_default
                0x00003520       0x8a Output/Debug/Obj/sensor-test/nrfx_uarte.o
 *fill*         0x000035aa        0x2 
 .text.nrfx_uarte_init
                0x000035ac       0xcc Output/Debug/Obj/sensor-test/nrfx_uarte.o
                0x000035ac                nrfx_uarte_init
 .text.nrfx_uarte_uninit
                0x00003678       0xc4 Output/Debug/Obj/sensor-test/nrfx_uarte.o
                0x00003678                nrfx_uarte_uninit
 .text.nrfx_uarte_tx
                0x0000373c      0x180 Output/Debug/Obj/sensor-test/nrfx_uarte.o
                0x0000373c                nrfx_uarte_tx
 .text.nrfx_uarte_tx_in_progress
                0x000038bc       0x30 Output/Debug/Obj/sensor-test/nrfx_uarte.o
                0x000038bc                nrfx_uarte_tx_in_progress
 .text.rx_done_event
                0x000038ec       0x2e Output/Debug/Obj/sensor-test/nrfx_uarte.o
 .text.tx_done_event
                0x0000391a       0x34 Output/Debug/Obj/sensor-test/nrfx_uarte.o
 .text.uarte_irq_handler
                0x0000394e      0x18c Output/Debug/Obj/sensor-test/nrfx_uarte.o
 *fill*         0x00003ada        0x2 
 .text.nrfx_uarte_0_irq_handler
                0x00003adc       0x18 Output/Debug/Obj/sensor-test/nrfx_uarte.o
                0x00003adc                nrfx_uarte_0_irq_handler
 .text.app_error_save_and_stop
                0x00003af4       0x98 Output/Debug/Obj/sensor-test/app_error.o
                0x00003af4                app_error_save_and_stop
 .text.app_error_handler
                0x00003b8c       0x1c Output/Debug/Obj/sensor-test/app_error_handler_gcc.o
                0x00003b8c                app_error_handler
 .text.app_error_fault_handler
                0x00003ba8      0x104 Output/Debug/Obj/sensor-test/app_error_weak.o
                0x00003ba8                app_error_fault_handler
 .text.app_util_disable_irq
                0x00003cac       0x18 Output/Debug/Obj/sensor-test/app_util_platform.o
                0x00003cac                app_util_disable_irq
 .text.app_util_enable_irq
                0x00003cc4       0x20 Output/Debug/Obj/sensor-test/app_util_platform.o
                0x00003cc4                app_util_enable_irq
 .text.app_util_critical_region_enter
                0x00003ce4       0x28 Output/Debug/Obj/sensor-test/app_util_platform.o
                0x00003ce4                app_util_critical_region_enter
 .text.app_util_critical_region_exit
                0x00003d0c       0x2c Output/Debug/Obj/sensor-test/app_util_platform.o
                0x00003d0c                app_util_critical_region_exit
 .text.privilege_level_get
                0x00003d38       0x3a Output/Debug/Obj/sensor-test/app_util_platform.o
                0x00003d38                privilege_level_get
 .text.assert_nrf_callback
                0x00003d72       0x2c Output/Debug/Obj/sensor-test/nrf_assert.o
                0x00003d72                assert_nrf_callback
 .text.nrf_atomic_u32_fetch_store
                0x00003d9e       0x2e Output/Debug/Obj/sensor-test/nrf_atomic.o
                0x00003d9e                nrf_atomic_u32_fetch_store
 .text.nrf_atomic_u32_or
                0x00003dcc       0x30 Output/Debug/Obj/sensor-test/nrf_atomic.o
                0x00003dcc                nrf_atomic_u32_or
 .text.nrf_atomic_u32_fetch_and
                0x00003dfc       0x30 Output/Debug/Obj/sensor-test/nrf_atomic.o
                0x00003dfc                nrf_atomic_u32_fetch_and
 .text.nrf_atomic_u32_add
                0x00003e2c       0x30 Output/Debug/Obj/sensor-test/nrf_atomic.o
                0x00003e2c                nrf_atomic_u32_add
 .text.nrf_atomic_u32_sub
                0x00003e5c       0x30 Output/Debug/Obj/sensor-test/nrf_atomic.o
                0x00003e5c                nrf_atomic_u32_sub
 .text.nrf_atomic_flag_set
                0x00003e8c       0x18 Output/Debug/Obj/sensor-test/nrf_atomic.o
                0x00003e8c                nrf_atomic_flag_set
 .text.nrf_atomic_flag_clear_fetch
                0x00003ea4       0x18 Output/Debug/Obj/sensor-test/nrf_atomic.o
                0x00003ea4                nrf_atomic_flag_clear_fetch
 .text.nrf_balloc_idx2block
                0x00003ebc       0x38 Output/Debug/Obj/sensor-test/nrf_balloc.o
 .text.nrf_balloc_block2idx
                0x00003ef4       0x34 Output/Debug/Obj/sensor-test/nrf_balloc.o
 .text.nrf_balloc_init
                0x00003f28       0xb8 Output/Debug/Obj/sensor-test/nrf_balloc.o
                0x00003f28                nrf_balloc_init
 .text.nrf_balloc_alloc
                0x00003fe0       0x84 Output/Debug/Obj/sensor-test/nrf_balloc.o
                0x00003fe0                nrf_balloc_alloc
 .text.nrf_balloc_free
                0x00004064       0x58 Output/Debug/Obj/sensor-test/nrf_balloc.o
                0x00004064                nrf_balloc_free
 .text.nrf_fprintf_buffer_flush
                0x000040bc       0x44 Output/Debug/Obj/sensor-test/nrf_fprintf.o
                0x000040bc                nrf_fprintf_buffer_flush
 .text.nrf_fprintf
                0x00004100       0x74 Output/Debug/Obj/sensor-test/nrf_fprintf.o
                0x00004100                nrf_fprintf
 .text.buffer_add
                0x00004174       0x4c Output/Debug/Obj/sensor-test/nrf_fprintf_format.o
 .text.string_print
                0x000041c0       0xc2 Output/Debug/Obj/sensor-test/nrf_fprintf_format.o
 *fill*         0x00004282        0x2 
 .text.unsigned_print
                0x00004284      0x130 Output/Debug/Obj/sensor-test/nrf_fprintf_format.o
 .text.int_print
                0x000043b4      0x11c Output/Debug/Obj/sensor-test/nrf_fprintf_format.o
 .text.nrf_fprintf_fmt
                0x000044d0      0x388 Output/Debug/Obj/sensor-test/nrf_fprintf_format.o
                0x000044d0                nrf_fprintf_fmt
 .text.nrf_memobj_pool_init
                0x00004858       0x16 Output/Debug/Obj/sensor-test/nrf_memobj.o
                0x00004858                nrf_memobj_pool_init
 .text.nrf_memobj_alloc
                0x0000486e       0xae Output/Debug/Obj/sensor-test/nrf_memobj.o
                0x0000486e                nrf_memobj_alloc
 .text.nrf_memobj_free
                0x0000491c       0x74 Output/Debug/Obj/sensor-test/nrf_memobj.o
                0x0000491c                nrf_memobj_free
 .text.nrf_memobj_get
                0x00004990       0x1e Output/Debug/Obj/sensor-test/nrf_memobj.o
                0x00004990                nrf_memobj_get
 .text.nrf_memobj_put
                0x000049ae       0x34 Output/Debug/Obj/sensor-test/nrf_memobj.o
                0x000049ae                nrf_memobj_put
 *fill*         0x000049e2        0x2 
 .text.memobj_op
                0x000049e4      0x124 Output/Debug/Obj/sensor-test/nrf_memobj.o
 .text.nrf_memobj_write
                0x00004b08       0x3c Output/Debug/Obj/sensor-test/nrf_memobj.o
                0x00004b08                nrf_memobj_write
 .text.nrf_memobj_read
                0x00004b44       0x40 Output/Debug/Obj/sensor-test/nrf_memobj.o
                0x00004b44                nrf_memobj_read
 .text.nrf_ringbuf_init
                0x00004b84       0x3a Output/Debug/Obj/sensor-test/nrf_ringbuf.o
                0x00004b84                nrf_ringbuf_init
 *fill*         0x00004bbe        0x2 
 .text.nrf_strerror_get
                0x00004bc0       0x28 Output/Debug/Obj/sensor-test/nrf_strerror.o
                0x00004bc0                nrf_strerror_get
 .text.nrf_strerror_find
                0x00004be8       0x68 Output/Debug/Obj/sensor-test/nrf_strerror.o
                0x00004be8                nrf_strerror_find
 .text.nrf_log_backend_serial_put
                0x00004c50      0x124 Output/Debug/Obj/sensor-test/nrf_log_backend_serial.o
                0x00004c50                nrf_log_backend_serial_put
 .text.nrf_drv_uart_uninit
                0x00004d74       0x44 Output/Debug/Obj/sensor-test/nrf_log_backend_uart.o
 .text.nrf_drv_uart_tx
                0x00004db8       0x64 Output/Debug/Obj/sensor-test/nrf_log_backend_uart.o
 .text.uart_evt_handler
                0x00004e1c       0x18 Output/Debug/Obj/sensor-test/nrf_log_backend_uart.o
 .text.uart_init
                0x00004e34       0x88 Output/Debug/Obj/sensor-test/nrf_log_backend_uart.o
 .text.nrf_log_backend_uart_init
                0x00004ebc       0x1c Output/Debug/Obj/sensor-test/nrf_log_backend_uart.o
                0x00004ebc                nrf_log_backend_uart_init
 .text.serial_tx
                0x00004ed8       0x6c Output/Debug/Obj/sensor-test/nrf_log_backend_uart.o
 .text.nrf_log_backend_uart_put
                0x00004f44       0x28 Output/Debug/Obj/sensor-test/nrf_log_backend_uart.o
 .text.nrf_log_backend_uart_flush
                0x00004f6c        0xa Output/Debug/Obj/sensor-test/nrf_log_backend_uart.o
 *fill*         0x00004f76        0x2 
 .text.nrf_log_backend_uart_panic_set
                0x00004f78       0x20 Output/Debug/Obj/sensor-test/nrf_log_backend_uart.o
 .text.nrf_log_backend_enable
                0x00004f98       0x12 Output/Debug/Obj/sensor-test/nrf_log_default_backends.o
 *fill*         0x00004faa        0x2 
 .text.nrf_log_default_backends_init
                0x00004fac       0x3c Output/Debug/Obj/sensor-test/nrf_log_default_backends.o
                0x00004fac                nrf_log_default_backends_init
 .text.nrf_log_backend_put
                0x00004fe8       0x1c Output/Debug/Obj/sensor-test/nrf_log_frontend.o
 .text.nrf_log_backend_panic_set
                0x00005004       0x18 Output/Debug/Obj/sensor-test/nrf_log_frontend.o
 .text.nrf_log_backend_flush
                0x0000501c       0x18 Output/Debug/Obj/sensor-test/nrf_log_frontend.o
 .text.nrf_log_backend_id_set
                0x00005034       0x1a Output/Debug/Obj/sensor-test/nrf_log_frontend.o
 .text.nrf_log_backend_id_get
                0x0000504e       0x10 Output/Debug/Obj/sensor-test/nrf_log_frontend.o
 .text.nrf_log_backend_enable
                0x0000505e       0x12 Output/Debug/Obj/sensor-test/nrf_log_frontend.o
 .text.nrf_log_backend_is_enabled
                0x00005070       0x10 Output/Debug/Obj/sensor-test/nrf_log_frontend.o
 .text.nrf_log_init
                0x00005080       0x50 Output/Debug/Obj/sensor-test/nrf_log_frontend.o
                0x00005080                nrf_log_init
 .text.nrf_log_module_cnt_get
                0x000050d0       0x14 Output/Debug/Obj/sensor-test/nrf_log_frontend.o
                0x000050d0                nrf_log_module_cnt_get
 .text.module_idx_get
                0x000050e4       0x64 Output/Debug/Obj/sensor-test/nrf_log_frontend.o
 .text.nrf_log_module_name_get
                0x00005148       0x40 Output/Debug/Obj/sensor-test/nrf_log_frontend.o
                0x00005148                nrf_log_module_name_get
 .text.nrf_log_color_id_get
                0x00005188       0x70 Output/Debug/Obj/sensor-test/nrf_log_frontend.o
                0x00005188                nrf_log_color_id_get
 .text.invalid_packets_omit
                0x000051f8       0x6e Output/Debug/Obj/sensor-test/nrf_log_frontend.o
 *fill*         0x00005266        0x2 
 .text.log_skip
                0x00005268      0x118 Output/Debug/Obj/sensor-test/nrf_log_frontend.o
 .text.dropped_sat16_get
                0x00005380       0x28 Output/Debug/Obj/sensor-test/nrf_log_frontend.o
 .text.std_header_set
                0x000053a8       0xb4 Output/Debug/Obj/sensor-test/nrf_log_frontend.o
 .text.log_pending_hook
                0x0000545c        0x4 Output/Debug/Obj/sensor-test/nrf_log_frontend.o
                0x0000545c                log_pending_hook
 .text.buf_prealloc
                0x00005460      0x128 Output/Debug/Obj/sensor-test/nrf_log_frontend.o
 .text.std_n    0x00005588       0x94 Output/Debug/Obj/sensor-test/nrf_log_frontend.o
 .text.nrf_log_frontend_std_0
                0x0000561c       0x1c Output/Debug/Obj/sensor-test/nrf_log_frontend.o
                0x0000561c                nrf_log_frontend_std_0
 .text.nrf_log_frontend_std_1
                0x00005638       0x22 Output/Debug/Obj/sensor-test/nrf_log_frontend.o
                0x00005638                nrf_log_frontend_std_1
 .text.nrf_log_frontend_std_2
                0x0000565a       0x28 Output/Debug/Obj/sensor-test/nrf_log_frontend.o
                0x0000565a                nrf_log_frontend_std_2
 .text.nrf_log_frontend_std_5
                0x00005682       0x34 Output/Debug/Obj/sensor-test/nrf_log_frontend.o
                0x00005682                nrf_log_frontend_std_5
 *fill*         0x000056b6        0x2 
 .text.buffer_is_empty
                0x000056b8       0x1c Output/Debug/Obj/sensor-test/nrf_log_frontend.o
                0x000056b8                buffer_is_empty
 .text.nrf_log_frontend_dequeue
                0x000056d4      0x3a0 Output/Debug/Obj/sensor-test/nrf_log_frontend.o
                0x000056d4                nrf_log_frontend_dequeue
 .text.backend_id_assign
                0x00005a74       0x68 Output/Debug/Obj/sensor-test/nrf_log_frontend.o
 .text.nrf_log_backend_add
                0x00005adc       0x70 Output/Debug/Obj/sensor-test/nrf_log_frontend.o
                0x00005adc                nrf_log_backend_add
 .text.nrf_log_panic
                0x00005b4c       0x3c Output/Debug/Obj/sensor-test/nrf_log_frontend.o
                0x00005b4c                nrf_log_panic
 .text.timestamp_print
                0x00005b88        0xc Output/Debug/Obj/sensor-test/nrf_log_str_formatter.o
 .text.prefix_process
                0x00005b94       0xb0 Output/Debug/Obj/sensor-test/nrf_log_str_formatter.o
 .text.postfix_process
                0x00005c44       0x60 Output/Debug/Obj/sensor-test/nrf_log_str_formatter.o
 .text.nrf_log_std_entry_process
                0x00005ca4      0x144 Output/Debug/Obj/sensor-test/nrf_log_str_formatter.o
                0x00005ca4                nrf_log_std_entry_process
 .text.nrf_log_hexdump_entry_process
                0x00005de8       0xf0 Output/Debug/Obj/sensor-test/nrf_log_str_formatter.o
                0x00005de8                nrf_log_hexdump_entry_process
 .text._DoInit  0x00005ed8       0x9c Output/Debug/Obj/sensor-test/SEGGER_RTT.o
 .text._WriteBlocking
                0x00005f74       0xb2 Output/Debug/Obj/sensor-test/SEGGER_RTT.o
 .text._WriteNoCheck
                0x00006026       0x7e Output/Debug/Obj/sensor-test/SEGGER_RTT.o
 .text._GetAvailWriteSpace
                0x000060a4       0x3c Output/Debug/Obj/sensor-test/SEGGER_RTT.o
 .text.SEGGER_RTT_WriteNoLock
                0x000060e0       0xa0 Output/Debug/Obj/sensor-test/SEGGER_RTT.o
                0x000060e0                SEGGER_RTT_WriteNoLock
 .text.SEGGER_RTT_Write
                0x00006180       0x3c Output/Debug/Obj/sensor-test/SEGGER_RTT.o
                0x00006180                SEGGER_RTT_Write
 .text.printf   0x000061bc       0x4c Output/Debug/Obj/sensor-test/SEGGER_RTT_Syscalls_SES.o
                0x000061bc                printf
 .text.libc.__SEGGER_RTL_current_locale
                0x00006208       0x1a C:/Program Files/SEGGER/SEGGER Embedded Studio 8.10c/lib/libc_v7em_fpv4_sp_d16_hard_t_le_eabi_balanced.a(mbops.o)
                0x00006208                __SEGGER_RTL_current_locale
 .text.libc.__SEGGER_RTL_ascii_mbtowc
                0x00006222       0x34 C:/Program Files/SEGGER/SEGGER Embedded Studio 8.10c/lib/libc_v7em_fpv4_sp_d16_hard_t_le_eabi_balanced.a(mbops.o)
                0x00006222                __SEGGER_RTL_ascii_mbtowc
 .text.libc.__SEGGER_RTL_ascii_wctomb
                0x00006256        0xe C:/Program Files/SEGGER/SEGGER Embedded Studio 8.10c/lib/libc_v7em_fpv4_sp_d16_hard_t_le_eabi_balanced.a(mbops.o)
                0x00006256                __SEGGER_RTL_ascii_wctomb
 .text.libc.__SEGGER_RTL_isctype
                0x00006264       0x20 C:/Program Files/SEGGER/SEGGER Embedded Studio 8.10c/lib/libc_v7em_fpv4_sp_d16_hard_t_le_eabi_balanced.a(mbops.o)
 .text.libc.isprint
                0x00006284        0x6 C:/Program Files/SEGGER/SEGGER Embedded Studio 8.10c/lib/libc_v7em_fpv4_sp_d16_hard_t_le_eabi_balanced.a(mbops.o)
                0x00006284                isprint
 .text.libc.__SEGGER_RTL_ascii_isctype
                0x0000628a       0x20 C:/Program Files/SEGGER/SEGGER Embedded Studio 8.10c/lib/libc_v7em_fpv4_sp_d16_hard_t_le_eabi_balanced.a(mbops.o)
 .text.libc.__SEGGER_RTL_ascii_toupper
                0x000062aa        0xc C:/Program Files/SEGGER/SEGGER Embedded Studio 8.10c/lib/libc_v7em_fpv4_sp_d16_hard_t_le_eabi_balanced.a(mbops.o)
 .text.libc.__SEGGER_RTL_ascii_tolower
                0x000062b6        0xc C:/Program Files/SEGGER/SEGGER Embedded Studio 8.10c/lib/libc_v7em_fpv4_sp_d16_hard_t_le_eabi_balanced.a(mbops.o)
 .text.libc.__SEGGER_RTL_ascii_iswctype
                0x000062c2       0x20 C:/Program Files/SEGGER/SEGGER Embedded Studio 8.10c/lib/libc_v7em_fpv4_sp_d16_hard_t_le_eabi_balanced.a(mbops.o)
 .text.libc.__SEGGER_RTL_ascii_towupper
                0x000062e2        0xc C:/Program Files/SEGGER/SEGGER Embedded Studio 8.10c/lib/libc_v7em_fpv4_sp_d16_hard_t_le_eabi_balanced.a(mbops.o)
 .text.libc.__SEGGER_RTL_ascii_towlower
                0x000062ee        0xc C:/Program Files/SEGGER/SEGGER Embedded Studio 8.10c/lib/libc_v7em_fpv4_sp_d16_hard_t_le_eabi_balanced.a(mbops.o)
 .text.libc.__SEGGER_RTL_putc
                0x000062fa       0x84 C:/Program Files/SEGGER/SEGGER Embedded Studio 8.10c/lib/libc_v7em_fpv4_sp_d16_hard_t_le_eabi_balanced.a(prinops.o)
                0x000062fa                __SEGGER_RTL_putc
 .text.libc.__SEGGER_RTL_prin_flush
                0x0000637e       0x1c C:/Program Files/SEGGER/SEGGER Embedded Studio 8.10c/lib/libc_v7em_fpv4_sp_d16_hard_t_le_eabi_balanced.a(prinops.o)
                0x0000637e                __SEGGER_RTL_prin_flush
 .text.libc.__SEGGER_RTL_print_padding
                0x0000639a       0x1e C:/Program Files/SEGGER/SEGGER Embedded Studio 8.10c/lib/libc_v7em_fpv4_sp_d16_hard_t_le_eabi_balanced.a(prinops.o)
                0x0000639a                __SEGGER_RTL_print_padding
 .text.libc.__SEGGER_RTL_pre_padding
                0x000063b8       0x12 C:/Program Files/SEGGER/SEGGER Embedded Studio 8.10c/lib/libc_v7em_fpv4_sp_d16_hard_t_le_eabi_balanced.a(prinops.o)
                0x000063b8                __SEGGER_RTL_pre_padding
 .text.libc.__SEGGER_RTL_init_prin
                0x000063ca       0x18 C:/Program Files/SEGGER/SEGGER Embedded Studio 8.10c/lib/libc_v7em_fpv4_sp_d16_hard_t_le_eabi_balanced.a(prinops.o)
                0x000063ca                __SEGGER_RTL_init_prin
 .text.libc.vsnprintf
                0x000063e2       0x2a C:/Program Files/SEGGER/SEGGER Embedded Studio 8.10c/lib/libc_v7em_fpv4_sp_d16_hard_t_le_eabi_balanced.a(prinops.o)
                0x000063e2                vsnprintf
 .text.libc.__SEGGER_RTL_vfprintf_long
                0x0000640c      0x52a C:/Program Files/SEGGER/SEGGER Embedded Studio 8.10c/lib/libc_v7em_fpv4_sp_d16_hard_t_le_eabi_balanced.a(__SEGGER_RTL_vfprintf_long.o)
                0x0000640c                __SEGGER_RTL_vfprintf_long
 *fill*         0x00006936        0x2 
 .text.libc.__aeabi_uldivmod
                0x00006938      0x130 C:/Program Files/SEGGER/SEGGER Embedded Studio 8.10c/lib/libc_v7em_fpv4_sp_d16_hard_t_le_eabi_balanced.a(intasmops_arm.o)
                0x00006938                __aeabi_uldivmod
 .text.libc.__SEGGER_RTL_init_heap
                0x00006a68       0x18 C:/Program Files/SEGGER/SEGGER Embedded Studio 8.10c/lib/heapops_basic_v7em_fpv4_sp_d16_hard_t_le_eabi_balanced.a(heapops_basic.o)
                0x00006a68                __SEGGER_RTL_init_heap
 .text.libc.strlen
                0x00006a80       0x2c C:/Program Files/SEGGER/SEGGER Embedded Studio 8.10c/lib/strops_unaligned_v7em_fpv4_sp_d16_hard_t_le_eabi_balanced.a(strops.o)
                0x00006a80                strlen
 .text.libc.strnlen
                0x00006aac       0x4c C:/Program Files/SEGGER/SEGGER Embedded Studio 8.10c/lib/strops_unaligned_v7em_fpv4_sp_d16_hard_t_le_eabi_balanced.a(strops.o)
                0x00006aac                strnlen
 .text.libc.memcpy
                0x00006af8       0x5c C:/Program Files/SEGGER/SEGGER Embedded Studio 8.10c/lib/strops_unaligned_v7em_fpv4_sp_d16_hard_t_le_eabi_balanced.a(strasmops_arm.o)
                0x00006af8                __aeabi_memcpy
                0x00006af8                memcpy
                0x00006b16                __aeabi_memcpy8
                0x00006b16                __aeabi_memcpy4
 .text.libc.__aeabi_memclr
                0x00006b54       0x68 C:/Program Files/SEGGER/SEGGER Embedded Studio 8.10c/lib/strops_unaligned_v7em_fpv4_sp_d16_hard_t_le_eabi_balanced.a(strasmops_arm.o)
                0x00006b54                __aeabi_memclr8
                0x00006b54                __aeabi_memclr
                0x00006b54                __aeabi_memclr4
                0x00006b56                __aeabi_memset4
                0x00006b56                __aeabi_memset8
                0x00006b56                __aeabi_memset
                0x00006b5c                memset
                0x00006bbc                        . = ALIGN (MAX ((__text_start__ + 0x4), .), 0x4)
                0x00006bbc                        __text_end__ = (__text_start__ + SIZEOF (.text))
                0x000067d8                        __text_size__ = SIZEOF (.text)
                0x00006bbc                        __text_load_end__ = __text_end__

.vfp11_veneer   0x00000000        0x0
 .vfp11_veneer  0x00000000        0x0 linker stubs

.v4_bx          0x00000000        0x0
 .v4_bx         0x00000000        0x0 linker stubs

.iplt           0x00000000        0x0
 .iplt          0x00000000        0x0 Output/Debug/Obj/sensor-test/main.o
                0x00000001                        . = ASSERT (((__text_start__ == __text_end__) || ((__text_end__ - __FLASH1_segment_start__) <= __FLASH1_segment_size__)), error: .text is too large to fit in FLASH1 memory segment)
                0x00000001                        . = ASSERT ((0x4 == ALIGN (0x4, 0x4)), error: .text section size does not match alignment)
                0x00000000                        . = ASSERT ((__text_size__ <= 0x4), error: .text section is larger than specified size)
                0x00006bbc                        __log_const_data_load_start__ = ALIGN (__text_end__, 0x4)

.log_const_data
                0x00006bbc       0x28
                0x00006bbc                        __log_const_data_start__ = .
                0x00006bbc                        __start_log_const_data = __log_const_data_start__
 *(SORT_BY_NAME(.log_const_data*))
 .log_const_data_PRS
                0x00006bbc        0x8 Output/Debug/Obj/sensor-test/nrfx_prs.o
                0x00006bbc                m_nrf_log_PRS_logs_data_const
 .log_const_data_TWIM
                0x00006bc4        0x8 Output/Debug/Obj/sensor-test/nrfx_twim.o
                0x00006bc4                m_nrf_log_TWIM_logs_data_const
 .log_const_data_UART
                0x00006bcc        0x8 Output/Debug/Obj/sensor-test/nrfx_uart.o
                0x00006bcc                m_nrf_log_UART_logs_data_const
 .log_const_data_UARTE
                0x00006bd4        0x8 Output/Debug/Obj/sensor-test/nrfx_uarte.o
                0x00006bd4                m_nrf_log_UARTE_logs_data_const
 .log_const_data_app
                0x00006bdc        0x8 Output/Debug/Obj/sensor-test/nrf_log_frontend.o
                0x00006bdc                m_nrf_log_app_logs_data_const
                0x00006be4                        __log_const_data_end__ = (__log_const_data_start__ + SIZEOF (.log_const_data))
                0x00000028                        __log_const_data_size__ = SIZEOF (.log_const_data)
                0x00006be4                        __stop_log_const_data = __log_const_data_end__
                0x00006be4                        __log_const_data_load_end__ = __log_const_data_end__
                0x00000001                        . = ASSERT (((__log_const_data_start__ == __log_const_data_end__) || ((__log_const_data_end__ - __FLASH1_segment_start__) <= __FLASH1_segment_size__)), error: .log_const_data is too large to fit in FLASH1 memory segment)
                0x00006be4                        __log_backends_load_start__ = ALIGN (__log_const_data_end__, 0x4)

.log_backends   0x00006be4       0x10
                0x00006be4                        __log_backends_start__ = .
                0x00006be4                        __start_log_backends = __log_backends_start__
 *(SORT_BY_NAME(.log_backends*))
 .log_backends  0x00006be4       0x10 Output/Debug/Obj/sensor-test/nrf_log_default_backends.o
                0x00006bf4                        __log_backends_end__ = (__log_backends_start__ + SIZEOF (.log_backends))
                0x00000010                        __log_backends_size__ = SIZEOF (.log_backends)
                0x00006bf4                        __stop_log_backends = __log_backends_end__
                0x00006bf4                        __log_backends_load_end__ = __log_backends_end__
                0x00000001                        . = ASSERT (((__log_backends_start__ == __log_backends_end__) || ((__log_backends_end__ - __FLASH1_segment_start__) <= __FLASH1_segment_size__)), error: .log_backends is too large to fit in FLASH1 memory segment)
                0x00006bf4                        __nrf_balloc_load_start__ = ALIGN (__log_backends_end__, 0x4)

.nrf_balloc     0x00006bf4       0x14
                0x00006bf4                        __nrf_balloc_start__ = .
                0x00006bf4                        __start_nrf_balloc = __nrf_balloc_start__
 *(.nrf_balloc*)
 .nrf_balloc    0x00006bf4       0x14 Output/Debug/Obj/sensor-test/nrf_log_frontend.o
                0x00006bf4                log_mempool
                0x00006c08                        __nrf_balloc_end__ = (__nrf_balloc_start__ + SIZEOF (.nrf_balloc))
                0x00000014                        __nrf_balloc_size__ = SIZEOF (.nrf_balloc)
                0x00006c08                        __stop_nrf_balloc = __nrf_balloc_end__
                0x00006c08                        __nrf_balloc_load_end__ = __nrf_balloc_end__
                0x00000001                        . = ASSERT (((__nrf_balloc_start__ == __nrf_balloc_end__) || ((__nrf_balloc_end__ - __FLASH1_segment_start__) <= __FLASH1_segment_size__)), error: .nrf_balloc is too large to fit in FLASH1 memory segment)
                0x00006c08                        __nrf_sections_load_start__ = ALIGN (__nrf_balloc_end__, 0x4)

.nrf_sections   0x00006c08        0x0
                0x00006c08                        __nrf_sections_start__ = .
                0x00006c08                        __start_nrf_sections = __nrf_sections_start__
 *(.nrf_sections .nrf_sections.*)
                0x00006c08                        __nrf_sections_end__ = (__nrf_sections_start__ + SIZEOF (.nrf_sections))
                0x00000000                        __nrf_sections_size__ = SIZEOF (.nrf_sections)
                0x00006c08                        __nrf_sections_load_end__ = __nrf_sections_end__
                0x00000001                        . = ASSERT (((__nrf_sections_start__ == __nrf_sections_end__) || ((__nrf_sections_end__ - __FLASH1_segment_start__) <= __FLASH1_segment_size__)), error: .nrf_sections is too large to fit in FLASH1 memory segment)
                0x00006c08                        __log_dynamic_data_load_start__ = ALIGN (__nrf_sections_end__, 0x4)

.log_dynamic_data
                0x20000000        0x0 load address 0x00006c08
                0x20000000                        __log_dynamic_data_start__ = .
 *(SORT_BY_NAME(.log_dynamic_data*))
                0x20000000                        __log_dynamic_data_end__ = (__log_dynamic_data_start__ + SIZEOF (.log_dynamic_data))
                0x00000000                        __log_dynamic_data_size__ = SIZEOF (.log_dynamic_data)
                0x00006c08                        __log_dynamic_data_load_end__ = (__log_dynamic_data_load_start__ + SIZEOF (.log_dynamic_data))
                0x00000001                        . = ASSERT (((__log_dynamic_data_load_start__ == __log_dynamic_data_load_end__) || ((__log_dynamic_data_load_end__ - __FLASH1_segment_start__) <= __FLASH1_segment_size__)), error: .log_dynamic_data is too large to fit in FLASH1 memory segment)

.log_dynamic_data_run
                0x20000000        0x0
                0x20000000                        __log_dynamic_data_run_start__ = .
                0x20000000                        __start_log_dynamic_data = __log_dynamic_data_run_start__
                0x20000000                        __log_dynamic_data_run_end__ = (__log_dynamic_data_run_start__ + SIZEOF (.log_dynamic_data))
                0x00000000                        __log_dynamic_data_run_size__ = (__log_dynamic_data_run_end__ - __log_dynamic_data_run_start__)
                0x20000000                        __stop_log_dynamic_data = __log_dynamic_data_run_end__
                0x20000000                        __log_dynamic_data_run_load_end__ = __log_dynamic_data_run_end__
                0x00000001                        . = ASSERT (((__log_dynamic_data_run_start__ == __log_dynamic_data_run_end__) || ((__log_dynamic_data_run_end__ - __RAM1_segment_start__) <= __RAM1_segment_size__)), error: .log_dynamic_data_run is too large to fit in RAM1 memory segment)
                0x00006c08                        __log_filter_data_load_start__ = ALIGN ((__log_dynamic_data_load_start__ + SIZEOF (.log_dynamic_data)), 0x4)

.log_filter_data
                0x20000000        0x0 load address 0x00006c08
                0x20000000                        __log_filter_data_start__ = .
 *(SORT_BY_NAME(.log_filter_data*))
                0x20000000                        __log_filter_data_end__ = (__log_filter_data_start__ + SIZEOF (.log_filter_data))
                0x00000000                        __log_filter_data_size__ = SIZEOF (.log_filter_data)
                0x00006c08                        __log_filter_data_load_end__ = (__log_filter_data_load_start__ + SIZEOF (.log_filter_data))
                0x00000001                        . = ASSERT (((__log_filter_data_load_start__ == __log_filter_data_load_end__) || ((__log_filter_data_load_end__ - __FLASH1_segment_start__) <= __FLASH1_segment_size__)), error: .log_filter_data is too large to fit in FLASH1 memory segment)

.log_filter_data_run
                0x20000000        0x0
                0x20000000                        __log_filter_data_run_start__ = .
                0x20000000                        __start_log_filter_data = __log_filter_data_run_start__
                0x20000000                        __log_filter_data_run_end__ = (__log_filter_data_run_start__ + SIZEOF (.log_filter_data))
                0x00000000                        __log_filter_data_run_size__ = (__log_filter_data_run_end__ - __log_filter_data_run_start__)
                0x20000000                        __stop_log_filter_data = __log_filter_data_run_end__
                0x20000000                        __log_filter_data_run_load_end__ = __log_filter_data_run_end__
                0x00000001                        . = ASSERT (((__log_filter_data_run_start__ == __log_filter_data_run_end__) || ((__log_filter_data_run_end__ - __RAM1_segment_start__) <= __RAM1_segment_size__)), error: .log_filter_data_run is too large to fit in RAM1 memory segment)
                0x20000000                        __nrf_sections_run_end_load_start__ = ALIGN (__log_filter_data_run_end__, 0x4)

.nrf_sections_run_end
                0x20000000        0x0
                0x20000000                        __nrf_sections_run_end_start__ = .
                0x20000000                        __end_nrf_sections_run = __nrf_sections_run_end_start__
 *(.nrf_sections_run_end .nrf_sections_run_end.*)
                0x20000000                        __nrf_sections_run_end_end__ = (__nrf_sections_run_end_start__ + SIZEOF (.nrf_sections_run_end))
                0x00000000                        __nrf_sections_run_end_size__ = SIZEOF (.nrf_sections_run_end)
                0x20000000                        __nrf_sections_run_end_load_end__ = __nrf_sections_run_end_end__
                0x00000001                        . = ASSERT (((__nrf_sections_run_end_start__ == __nrf_sections_run_end_end__) || ((__nrf_sections_run_end_end__ - __RAM1_segment_start__) <= __RAM1_segment_size__)), error: .nrf_sections_run_end is too large to fit in RAM1 memory segment)
                0x00006c08                        __dtors_load_start__ = ALIGN ((__log_filter_data_load_start__ + SIZEOF (.log_filter_data)), 0x4)

.dtors          0x00006c08        0x0
                0x00006c08                        __dtors_start__ = .
 *(SORT_BY_NAME(.dtors.*))
 *(.dtors)
 *(.fini_array)
 *(SORT_BY_NAME(.fini_array.*))
                0x00006c08                        __dtors_end__ = (__dtors_start__ + SIZEOF (.dtors))
                0x00000000                        __dtors_size__ = SIZEOF (.dtors)
                0x00006c08                        __dtors_load_end__ = __dtors_end__
                0x00000001                        . = ASSERT (((__dtors_start__ == __dtors_end__) || ((__dtors_end__ - __FLASH1_segment_start__) <= __FLASH1_segment_size__)), error: .dtors is too large to fit in FLASH1 memory segment)
                0x00006c08                        __ctors_load_start__ = ALIGN (__dtors_end__, 0x4)

.ctors          0x00006c08        0x0
                0x00006c08                        __ctors_start__ = .
 *(SORT_BY_NAME(.ctors.*))
 *(.ctors)
 *(.init_array)
 *(SORT_BY_NAME(.init_array.*))
                0x00006c08                        __ctors_end__ = (__ctors_start__ + SIZEOF (.ctors))
                0x00000000                        __ctors_size__ = SIZEOF (.ctors)
                0x00006c08                        __ctors_load_end__ = __ctors_end__
                0x00000001                        . = ASSERT (((__ctors_start__ == __ctors_end__) || ((__ctors_end__ - __FLASH1_segment_start__) <= __FLASH1_segment_size__)), error: .ctors is too large to fit in FLASH1 memory segment)
                0x00006c08                        __rodata_load_start__ = ALIGN (__ctors_end__, 0x4)

.rodata         0x00006c08      0xef0
                0x00006c08                        __rodata_start__ = .
 *(.rodata .rodata.* .gnu.linkonce.r.*)
 .rodata.m_twi  0x00006c08       0x10 Output/Debug/Obj/sensor-test/main.o
 .rodata        0x00006c18       0x88 Output/Debug/Obj/sensor-test/main.o
 .rodata        0x00006ca0       0x2e Output/Debug/Obj/sensor-test/nrf_drv_twi.o
 *fill*         0x00006cce        0x2 
 .rodata.delay_machine_code.0
                0x00006cd0        0x6 Output/Debug/Obj/sensor-test/nrf_drv_twi.o
 *fill*         0x00006cd6        0x2 
 .rodata        0x00006cd8       0x4a Output/Debug/Obj/sensor-test/nrf_drv_uart.o
 *fill*         0x00006d22        0x2 
 .rodata        0x00006d24       0x4f Output/Debug/Obj/sensor-test/nrfx_prs.o
 *fill*         0x00006d73        0x1 
 .rodata        0x00006d74       0xb0 Output/Debug/Obj/sensor-test/nrfx_twim.o
 .rodata.irq_handlers.0
                0x00006e24        0x8 Output/Debug/Obj/sensor-test/nrfx_twim.o
 .rodata        0x00006e2c       0xb0 Output/Debug/Obj/sensor-test/nrfx_uart.o
 .rodata.irq_handlers.0
                0x00006edc        0x4 Output/Debug/Obj/sensor-test/nrfx_uart.o
 .rodata        0x00006ee0       0xb1 Output/Debug/Obj/sensor-test/nrfx_uarte.o
 *fill*         0x00006f91        0x3 
 .rodata.irq_handlers.0
                0x00006f94        0x4 Output/Debug/Obj/sensor-test/nrfx_uarte.o
 .rodata        0x00006f98       0x70 Output/Debug/Obj/sensor-test/app_error_weak.o
 .rodata        0x00007008       0x51 Output/Debug/Obj/sensor-test/app_util_platform.o
 *fill*         0x00007059        0x3 
 .rodata        0x0000705c       0x4c Output/Debug/Obj/sensor-test/nrf_balloc.o
 .rodata        0x000070a8       0x42 Output/Debug/Obj/sensor-test/nrf_fprintf.o
 *fill*         0x000070ea        0x2 
 .rodata        0x000070ec       0x49 Output/Debug/Obj/sensor-test/nrf_fprintf_format.o
 *fill*         0x00007135        0x3 
 .rodata._aV2C.0
                0x00007138       0x10 Output/Debug/Obj/sensor-test/nrf_fprintf_format.o
 .rodata        0x00007148       0x4c Output/Debug/Obj/sensor-test/nrf_memobj.o
 .rodata.m_unknown_str
                0x00007194       0x13 Output/Debug/Obj/sensor-test/nrf_strerror.o
 *fill*         0x000071a7        0x1 
 .rodata        0x000071a8      0x3bd Output/Debug/Obj/sensor-test/nrf_strerror.o
 *fill*         0x00007565        0x3 
 .rodata.nrf_strerror_array
                0x00007568      0x118 Output/Debug/Obj/sensor-test/nrf_strerror.o
 .rodata        0x00007680       0x78 Output/Debug/Obj/sensor-test/nrf_log_backend_uart.o
 .rodata.nrf_log_backend_uart_api
                0x000076f8        0xc Output/Debug/Obj/sensor-test/nrf_log_backend_uart.o
                0x000076f8                nrf_log_backend_uart_api
 .rodata        0x00007704       0x6f Output/Debug/Obj/sensor-test/nrf_log_default_backends.o
 *fill*         0x00007773        0x1 
 .rodata.m_log_push_ringbuf
                0x00007774        0xc Output/Debug/Obj/sensor-test/nrf_log_frontend.o
 .rodata        0x00007780       0x69 Output/Debug/Obj/sensor-test/nrf_log_frontend.o
 *fill*         0x000077e9        0x3 
 .rodata        0x000077ec       0xaa Output/Debug/Obj/sensor-test/nrf_log_str_formatter.o
 *fill*         0x00007896        0x2 
 .rodata        0x00007898       0x17 Output/Debug/Obj/sensor-test/SEGGER_RTT.o
 *fill*         0x000078af        0x1 
 .rodata.libc.__SEGGER_RTL_c_locale
                0x000078b0        0xc C:/Program Files/SEGGER/SEGGER Embedded Studio 8.10c/lib/libc_v7em_fpv4_sp_d16_hard_t_le_eabi_balanced.a(mbops.o)
                0x000078b0                __SEGGER_RTL_c_locale
 .rodata.libc..L.str
                0x000078bc        0x2 C:/Program Files/SEGGER/SEGGER Embedded Studio 8.10c/lib/libc_v7em_fpv4_sp_d16_hard_t_le_eabi_balanced.a(mbops.o)
 *fill*         0x000078be        0x2 
 .rodata.libc.__SEGGER_RTL_codeset_ascii
                0x000078c0       0x20 C:/Program Files/SEGGER/SEGGER Embedded Studio 8.10c/lib/libc_v7em_fpv4_sp_d16_hard_t_le_eabi_balanced.a(mbops.o)
                0x000078c0                __SEGGER_RTL_codeset_ascii
 .rodata.libc.__SEGGER_RTL_c_locale_abbrev_day_names
                0x000078e0       0x1d C:/Program Files/SEGGER/SEGGER Embedded Studio 8.10c/lib/libc_v7em_fpv4_sp_d16_hard_t_le_eabi_balanced.a(mbops.o)
                0x000078e0                __SEGGER_RTL_c_locale_abbrev_day_names
 .rodata.libc.__SEGGER_RTL_c_locale_abbrev_month_names
                0x000078fd       0x31 C:/Program Files/SEGGER/SEGGER Embedded Studio 8.10c/lib/libc_v7em_fpv4_sp_d16_hard_t_le_eabi_balanced.a(mbops.o)
                0x000078fd                __SEGGER_RTL_c_locale_abbrev_month_names
 .rodata.libc.__SEGGER_RTL_data_utf8_period
                0x0000792e        0x2 C:/Program Files/SEGGER/SEGGER Embedded Studio 8.10c/lib/libc_v7em_fpv4_sp_d16_hard_t_le_eabi_balanced.a(mbops.o)
                0x0000792e                __SEGGER_RTL_data_utf8_period
 .rodata.libc.__SEGGER_RTL_data_empty_string
                0x00007930        0x1 C:/Program Files/SEGGER/SEGGER Embedded Studio 8.10c/lib/libc_v7em_fpv4_sp_d16_hard_t_le_eabi_balanced.a(mbops.o)
                0x00007930                __SEGGER_RTL_data_empty_string
 .rodata.libc.__SEGGER_RTL_c_locale_day_names
                0x00007931       0x3a C:/Program Files/SEGGER/SEGGER Embedded Studio 8.10c/lib/libc_v7em_fpv4_sp_d16_hard_t_le_eabi_balanced.a(mbops.o)
 .rodata.libc.__SEGGER_RTL_c_locale_month_names
                0x0000796b       0x57 C:/Program Files/SEGGER/SEGGER Embedded Studio 8.10c/lib/libc_v7em_fpv4_sp_d16_hard_t_le_eabi_balanced.a(mbops.o)
 .rodata.libc.__SEGGER_RTL_c_locale_am_pm_indicator
                0x000079c2        0x7 C:/Program Files/SEGGER/SEGGER Embedded Studio 8.10c/lib/libc_v7em_fpv4_sp_d16_hard_t_le_eabi_balanced.a(mbops.o)
 .rodata.libc.__SEGGER_RTL_c_locale_date_format
                0x000079c9        0x9 C:/Program Files/SEGGER/SEGGER Embedded Studio 8.10c/lib/libc_v7em_fpv4_sp_d16_hard_t_le_eabi_balanced.a(mbops.o)
 .rodata.libc.__SEGGER_RTL_c_locale_time_format
                0x000079d2        0x9 C:/Program Files/SEGGER/SEGGER Embedded Studio 8.10c/lib/libc_v7em_fpv4_sp_d16_hard_t_le_eabi_balanced.a(mbops.o)
 .rodata.libc.__SEGGER_RTL_c_locale_date_time_format
                0x000079db        0xf C:/Program Files/SEGGER/SEGGER Embedded Studio 8.10c/lib/libc_v7em_fpv4_sp_d16_hard_t_le_eabi_balanced.a(mbops.o)
 *fill*         0x000079ea        0x2 
 .rodata.libc.__SEGGER_RTL_c_locale_data
                0x000079ec       0x58 C:/Program Files/SEGGER/SEGGER Embedded Studio 8.10c/lib/libc_v7em_fpv4_sp_d16_hard_t_le_eabi_balanced.a(mbops.o)
                0x000079ec                __SEGGER_RTL_c_locale_data
 .rodata.libc.__SEGGER_RTL_ascii_ctype_map
                0x00007a44       0x80 C:/Program Files/SEGGER/SEGGER Embedded Studio 8.10c/lib/libc_v7em_fpv4_sp_d16_hard_t_le_eabi_balanced.a(mbops.o)
 .rodata.libc.__SEGGER_RTL_ascii_ctype_mask
                0x00007ac4        0xd C:/Program Files/SEGGER/SEGGER Embedded Studio 8.10c/lib/libc_v7em_fpv4_sp_d16_hard_t_le_eabi_balanced.a(mbops.o)
 .rodata.libc.__SEGGER_RTL_hex_uc
                0x00007ad1       0x10 C:/Program Files/SEGGER/SEGGER Embedded Studio 8.10c/lib/libc_v7em_fpv4_sp_d16_hard_t_le_eabi_balanced.a(prinops.o)
                0x00007ad1                __SEGGER_RTL_hex_uc
 .rodata.libc.__SEGGER_RTL_hex_lc
                0x00007ae1       0x10 C:/Program Files/SEGGER/SEGGER Embedded Studio 8.10c/lib/libc_v7em_fpv4_sp_d16_hard_t_le_eabi_balanced.a(prinops.o)
                0x00007ae1                __SEGGER_RTL_hex_lc
 .rodata.libc..L.str
                0x00007af1        0x7 C:/Program Files/SEGGER/SEGGER Embedded Studio 8.10c/lib/libc_v7em_fpv4_sp_d16_hard_t_le_eabi_balanced.a(__SEGGER_RTL_vfprintf_long.o)
                0x00007af8                        . = ALIGN (MAX ((__rodata_start__ + 0x4), .), 0x4)
                0x00007af8                        __rodata_end__ = (__rodata_start__ + SIZEOF (.rodata))
                0x00000ef0                        __rodata_size__ = SIZEOF (.rodata)
                0x00007af8                        __rodata_load_end__ = __rodata_end__

.rel.dyn        0x00007af8        0x0
 .rel.iplt      0x00007af8        0x0 Output/Debug/Obj/sensor-test/main.o
                0x00000001                        . = ASSERT (((__rodata_start__ == __rodata_end__) || ((__rodata_end__ - __FLASH1_segment_start__) <= __FLASH1_segment_size__)), error: .rodata is too large to fit in FLASH1 memory segment)
                0x00000001                        . = ASSERT ((0x4 == ALIGN (0x4, 0x4)), error: .rodata section size does not match alignment)
                0x00000000                        . = ASSERT ((__rodata_size__ <= 0x4), error: .rodata section is larger than specified size)
                0x00007af8                        __ARM.exidx_load_start__ = ALIGN (__rodata_end__, 0x4)

.ARM.exidx      0x00007af8        0x0
                0x00007af8                        __ARM.exidx_start__ = .
                0x00007af8                        __exidx_start = __ARM.exidx_start__
 *(.ARM.exidx .ARM.exidx.*)
                0x00007af8                        __ARM.exidx_end__ = (__ARM.exidx_start__ + SIZEOF (.ARM.exidx))
                0x00000000                        __ARM.exidx_size__ = SIZEOF (.ARM.exidx)
                0x00007af8                        __exidx_end = __ARM.exidx_end__
                0x00007af8                        __ARM.exidx_load_end__ = __ARM.exidx_end__
                0x00000001                        . = ASSERT (((__ARM.exidx_start__ == __ARM.exidx_end__) || ((__ARM.exidx_end__ - __FLASH1_segment_start__) <= __FLASH1_segment_size__)), error: .ARM.exidx is too large to fit in FLASH1 memory segment)
                0x00007af8                        __fast_load_start__ = ALIGN (__ARM.exidx_end__, 0x4)

.fast           0x20000000        0x0 load address 0x00007af8
                0x20000000                        __fast_start__ = .
 *(.fast .fast.*)
                0x20000000                        __fast_end__ = (__fast_start__ + SIZEOF (.fast))
                0x00000000                        __fast_size__ = SIZEOF (.fast)
                0x00007af8                        __fast_load_end__ = (__fast_load_start__ + SIZEOF (.fast))
                0x00000001                        . = ASSERT (((__fast_load_start__ == __fast_load_end__) || ((__fast_load_end__ - __FLASH1_segment_start__) <= __FLASH1_segment_size__)), error: .fast is too large to fit in FLASH1 memory segment)

.fast_run       0x20000000        0x0
                0x20000000                        __fast_run_start__ = .
                0x20000000                        __fast_run_end__ = (__fast_run_start__ + SIZEOF (.fast))
                0x00000000                        __fast_run_size__ = (__fast_run_end__ - __fast_run_start__)
                0x20000000                        __fast_run_load_end__ = __fast_run_end__
                0x00000001                        . = ASSERT (((__fast_run_start__ == __fast_run_end__) || ((__fast_run_end__ - __RAM1_segment_start__) <= __RAM1_segment_size__)), error: .fast_run is too large to fit in RAM1 memory segment)
                0x00007af8                        __data_load_start__ = ALIGN ((__fast_load_start__ + SIZEOF (.fast)), 0x4)

.data           0x20000000       0x70 load address 0x00007af8
                0x20000000                        __data_start__ = .
 *(.data .data.* .gnu.linkonce.d.*)
 .data.SystemCoreClock
                0x20000000        0x4 Output/Debug/Obj/sensor-test/system_nrf52840.o
                0x20000000                SystemCoreClock
 .data.m_uart   0x20000004       0x14 Output/Debug/Obj/sensor-test/nrf_log_backend_uart.o
                0x20000004                m_uart
 .data.log_backend_cb_uart_log_backend
                0x20000018        0x8 Output/Debug/Obj/sensor-test/nrf_log_default_backends.o
 .data.m_buffer_mask
                0x20000020        0x4 Output/Debug/Obj/sensor-test/nrf_log_frontend.o
 .data.severity_names
                0x20000024       0x14 Output/Debug/Obj/sensor-test/nrf_log_str_formatter.o
 .data.m_colors
                0x20000038       0x24 Output/Debug/Obj/sensor-test/nrf_log_str_formatter.o
 .data.libc.__SEGGER_RTL_global_locale
                0x2000005c       0x14 C:/Program Files/SEGGER/SEGGER Embedded Studio 8.10c/lib/libc_v7em_fpv4_sp_d16_hard_t_le_eabi_balanced.a(mbops.o)
                0x2000005c                __SEGGER_RTL_global_locale
                0x2000005c                __RAL_global_locale
                0x20000070                        __data_end__ = (__data_start__ + SIZEOF (.data))
                0x00000070                        __data_size__ = SIZEOF (.data)
                0x00007b68                        __data_load_end__ = (__data_load_start__ + SIZEOF (.data))

.igot.plt       0x00000000        0x0
 .igot.plt      0x00000000        0x0 Output/Debug/Obj/sensor-test/main.o
                0x00000001                        . = ASSERT (((__data_load_start__ == __data_load_end__) || ((__data_load_end__ - __FLASH1_segment_start__) <= __FLASH1_segment_size__)), error: .data is too large to fit in FLASH1 memory segment)

.data_run       0x20000000        0x0
                0x20000000                        __data_run_start__ = .
                0x20000070                        __data_run_end__ = (__data_run_start__ + SIZEOF (.data))
                0x00000070                        __data_run_size__ = (__data_run_end__ - __data_run_start__)
                0x20000070                        __data_run_load_end__ = __data_run_end__
                0x00000001                        . = ASSERT (((__data_run_start__ == __data_run_end__) || ((__data_run_end__ - __RAM1_segment_start__) <= __RAM1_segment_size__)), error: .data_run is too large to fit in RAM1 memory segment)
                0x00007b68                        __tdata_load_start__ = ALIGN ((__data_load_start__ + SIZEOF (.data)), 0x4)

.tdata          0x20000070        0x0 load address 0x00007b68
                0x20000070                        __tdata_start__ = .
 *(.tdata .tdata.*)
                0x20000070                        __tdata_end__ = (__tdata_start__ + SIZEOF (.tdata))
                0x00000000                        __tdata_size__ = SIZEOF (.tdata)
                0x00007b68                        __tdata_load_end__ = (__tdata_load_start__ + SIZEOF (.tdata))
                0x00007b68                        __FLASH1_segment_used_end__ = (ALIGN ((__data_load_start__ + SIZEOF (.data)), 0x4) + SIZEOF (.tdata))
                0x00007b68                        __FLASH1_segment_used_size__ = (__FLASH1_segment_used_end__ - __FLASH1_segment_start__)
                0x00000001                        . = ASSERT (((__tdata_load_start__ == __tdata_load_end__) || ((__tdata_load_end__ - __FLASH1_segment_start__) <= __FLASH1_segment_size__)), error: .tdata is too large to fit in FLASH1 memory segment)

.tdata_run      0x20000070        0x0
                0x20000070                        __tdata_run_start__ = .
                0x20000070                        __tdata_run_end__ = (__tdata_run_start__ + SIZEOF (.tdata))
                0x00000000                        __tdata_run_size__ = (__tdata_run_end__ - __tdata_run_start__)
                0x20000070                        __tdata_run_load_end__ = __tdata_run_end__
                0x00000001                        . = ASSERT (((__tdata_run_start__ == __tdata_run_end__) || ((__tdata_run_end__ - __RAM1_segment_start__) <= __RAM1_segment_size__)), error: .tdata_run is too large to fit in RAM1 memory segment)
                0x20000070                        __bss_load_start__ = ALIGN (__tdata_run_end__, 0x4)

.bss            0x20000070      0x964
                0x20000070                        __bss_start__ = .
 *(.bss .bss.* .gnu.linkonce.b.*)
 .bss.m_handlers
                0x20000070        0x8 Output/Debug/Obj/sensor-test/nrf_drv_twi.o
 .bss.m_contexts
                0x20000078        0x8 Output/Debug/Obj/sensor-test/nrf_drv_twi.o
 .bss.m_handlers
                0x20000080        0x8 Output/Debug/Obj/sensor-test/nrf_drv_uart.o
 .bss.m_contexts
                0x20000088        0x8 Output/Debug/Obj/sensor-test/nrf_drv_uart.o
 .bss.nrf_drv_uart_use_easy_dma
                0x20000090        0x2 Output/Debug/Obj/sensor-test/nrf_drv_uart.o
                0x20000090                nrf_drv_uart_use_easy_dma
 *fill*         0x20000092        0x2 
 .bss.m_prs_box_4
                0x20000094        0x8 Output/Debug/Obj/sensor-test/nrfx_prs.o
 .bss.m_cb      0x2000009c       0x68 Output/Debug/Obj/sensor-test/nrfx_twim.o
 .bss.m_cb      0x20000104       0x2c Output/Debug/Obj/sensor-test/nrfx_uart.o
 .bss.m_cb      0x20000130       0x24 Output/Debug/Obj/sensor-test/nrfx_uarte.o
 .bss.m_error_data.0
                0x20000154       0x20 Output/Debug/Obj/sensor-test/app_error.o
 .bss.m_in_critical_region
                0x20000174        0x4 Output/Debug/Obj/sensor-test/app_util_platform.o
 .bss.m_string_buff
                0x20000178       0x40 Output/Debug/Obj/sensor-test/nrf_log_backend_uart.o
 .bss.m_xfer_done
                0x200001b8        0x1 Output/Debug/Obj/sensor-test/nrf_log_backend_uart.o
 .bss.m_async_mode
                0x200001b9        0x1 Output/Debug/Obj/sensor-test/nrf_log_backend_uart.o
 *fill*         0x200001ba        0x2 
 .bss.log_mempool_nrf_balloc_pool_stack
                0x200001bc        0x8 Output/Debug/Obj/sensor-test/nrf_log_frontend.o
 .bss.log_mempool_nrf_balloc_pool_mem
                0x200001c4       0xc0 Output/Debug/Obj/sensor-test/nrf_log_frontend.o
 .bss.log_mempool_nrf_balloc_cb
                0x20000284        0x8 Output/Debug/Obj/sensor-test/nrf_log_frontend.o
 .bss.m_log_push_ringbuf_buf
                0x2000028c       0x80 Output/Debug/Obj/sensor-test/nrf_log_frontend.o
 .bss.m_log_push_ringbuf_cb
                0x2000030c       0x18 Output/Debug/Obj/sensor-test/nrf_log_frontend.o
 .bss.m_log_data
                0x20000324      0x420 Output/Debug/Obj/sensor-test/nrf_log_frontend.o
 .bss._SEGGER_RTT
                0x20000744       0x78 Output/Debug/Obj/sensor-test/SEGGER_RTT.o
                0x20000744                _SEGGER_RTT
 .bss._acUpBuffer
                0x200007bc      0x200 Output/Debug/Obj/sensor-test/SEGGER_RTT.o
 .bss._acDownBuffer
                0x200009bc       0x10 Output/Debug/Obj/sensor-test/SEGGER_RTT.o
 .bss.libc.__SEGGER_RTL_locale_ptr
                0x200009cc        0x4 C:/Program Files/SEGGER/SEGGER Embedded Studio 8.10c/lib/libc_v7em_fpv4_sp_d16_hard_t_le_eabi_balanced.a(mbops.o)
                0x200009cc                __SEGGER_RTL_locale_ptr
 .bss.libc.__SEGGER_RTL_heap_globals.0
                0x200009d0        0x4 C:/Program Files/SEGGER/SEGGER Embedded Studio 8.10c/lib/heapops_basic_v7em_fpv4_sp_d16_hard_t_le_eabi_balanced.a(heapops_basic.o)
 *(COMMON)
                0x200009d4                        __bss_end__ = (__bss_start__ + SIZEOF (.bss))
                0x00000964                        __bss_size__ = SIZEOF (.bss)
                0x200009d4                        __bss_load_end__ = __bss_end__
                0x00000001                        . = ASSERT (((__bss_start__ == __bss_end__) || ((__bss_end__ - __RAM1_segment_start__) <= __RAM1_segment_size__)), error: .bss is too large to fit in RAM1 memory segment)
                0x200009d4                        __tbss_load_start__ = ALIGN (__bss_end__, 0x4)

.tbss           0x200009d4        0x0
                0x200009d4                        __tbss_start__ = .
 *(.tbss .tbss.*)
                0x200009d4                        __tbss_end__ = (__tbss_start__ + SIZEOF (.tbss))
                0x00000000                        __tbss_size__ = SIZEOF (.tbss)
                0x200009d4                        __tbss_load_end__ = __tbss_end__
                0x00000001                        . = ASSERT (((__tbss_start__ == __tbss_end__) || ((__tbss_end__ - __RAM1_segment_start__) <= __RAM1_segment_size__)), error: .tbss is too large to fit in RAM1 memory segment)
                0x200009d4                        __non_init_load_start__ = ALIGN (__tbss_end__, 0x4)

.non_init       0x200009d4        0x0
                0x200009d4                        __non_init_start__ = .
 *(.non_init .non_init.*)
                0x200009d4                        __non_init_end__ = (__non_init_start__ + SIZEOF (.non_init))
                0x00000000                        __non_init_size__ = SIZEOF (.non_init)
                0x200009d4                        __non_init_load_end__ = __non_init_end__
                0x00000001                        . = ASSERT (((__non_init_start__ == __non_init_end__) || ((__non_init_end__ - __RAM1_segment_start__) <= __RAM1_segment_size__)), error: .non_init is too large to fit in RAM1 memory segment)
                0x200009d4                        __heap_load_start__ = ALIGN (__non_init_end__, 0x4)

.heap           0x200009d4     0x2000
                0x200009d4                        __heap_start__ = .
 *(.heap .heap.*)
                0x200029d4                        . = ALIGN (MAX ((__heap_start__ + __HEAPSIZE__), .), 0x4)
 *fill*         0x200009d4     0x2000 
                0x200029d4                        __heap_end__ = (__heap_start__ + SIZEOF (.heap))
                0x00002000                        __heap_size__ = SIZEOF (.heap)
                0x200029d4                        __heap_load_end__ = __heap_end__
                0x00000001                        . = ASSERT (((__heap_start__ == __heap_end__) || ((__heap_end__ - __RAM1_segment_start__) <= __RAM1_segment_size__)), error: .heap is too large to fit in RAM1 memory segment)
                0x00000001                        . = ASSERT ((__HEAPSIZE__ == ALIGN (__HEAPSIZE__, 0x4)), error: .heap section size does not match alignment)
                0x00000001                        . = ASSERT ((__heap_size__ <= __HEAPSIZE__), error: .heap section is larger than specified size)
                0x2003e000                        __stack_load_start__ = (__RAM1_segment_start__ + (__RAM1_segment_size__ - 0x2000))

.stack          0x2003e000     0x2000
                0x2003e000                        __stack_start__ = .
                0x2003e000                        __StackLimit = __stack_start__
 *(.stack .stack.*)
                0x20040000                        . = ALIGN (MAX ((__stack_start__ + __STACKSIZE__), .), 0x8)
 *fill*         0x2003e000     0x2000 
                0x20040000                        __stack_end__ = (__stack_start__ + SIZEOF (.stack))
                0x00002000                        __stack_size__ = SIZEOF (.stack)
                0x20040000                        __StackTop = __stack_end__
                0x20040000                        __stack_load_end__ = __stack_end__
                0x00000001                        . = ASSERT (((__stack_start__ == __stack_end__) || ((__stack_end__ - __RAM1_segment_start__) <= __RAM1_segment_size__)), error: .stack is too large to fit in RAM1 memory segment)
                0x00000001                        . = ASSERT ((__heap_end__ <= __stack_start__), error: section .heap overlaps absolute placed section .stack)
                0x00000001                        . = ASSERT ((__STACKSIZE__ == ALIGN (__STACKSIZE__, 0x8)), error: .stack section size does not match alignment)
                0x00000001                        . = ASSERT ((__stack_size__ <= __STACKSIZE__), error: .stack section is larger than specified size)
                0x20040000                        __stack_process_load_start__ = ALIGN (__stack_end__, 0x8)

.stack_process  0x20040000        0x0
                0x20040000                        __stack_process_start__ = .
 *(.stack_process .stack_process.*)
                0x20040000                        . = ALIGN (MAX ((__stack_process_start__ + __STACKSIZE_PROCESS__), .), 0x8)
                0x20040000                        __stack_process_end__ = (__stack_process_start__ + SIZEOF (.stack_process))
                0x00000000                        __stack_process_size__ = SIZEOF (.stack_process)
                0x20040000                        __stack_process_load_end__ = __stack_process_end__
                0x20040000                        __RAM1_segment_used_end__ = (ALIGN (__stack_end__, 0x8) + SIZEOF (.stack_process))
                0x00040000                        __RAM1_segment_used_size__ = (__RAM1_segment_used_end__ - __RAM1_segment_start__)
                0x00000001                        . = ASSERT (((__stack_process_start__ == __stack_process_end__) || ((__stack_process_end__ - __RAM1_segment_start__) <= __RAM1_segment_size__)), error: .stack_process is too large to fit in RAM1 memory segment)
                0x00000001                        . = ASSERT ((__STACKSIZE_PROCESS__ == ALIGN (__STACKSIZE_PROCESS__, 0x8)), error: .stack_process section size does not match alignment)
                0x00000001                        . = ASSERT ((__stack_process_size__ <= __STACKSIZE_PROCESS__), error: .stack_process section is larger than specified size)
START GROUP
LOAD Output/Debug/Obj/sensor-test/main.o
LOAD Output/Debug/Obj/sensor-test/boards.o
LOAD Output/Debug/Obj/sensor-test/ses_startup_nrf52840.o
LOAD Output/Debug/Obj/sensor-test/ses_startup_nrf_common.o
LOAD Output/Debug/Obj/sensor-test/system_nrf52840.o
LOAD Output/Debug/Obj/sensor-test/nrf_drv_twi.o
LOAD Output/Debug/Obj/sensor-test/nrf_drv_uart.o
LOAD Output/Debug/Obj/sensor-test/nrfx_atomic.o
LOAD Output/Debug/Obj/sensor-test/nrfx_prs.o
LOAD Output/Debug/Obj/sensor-test/nrfx_twi.o
LOAD Output/Debug/Obj/sensor-test/nrfx_twim.o
LOAD Output/Debug/Obj/sensor-test/nrfx_uart.o
LOAD Output/Debug/Obj/sensor-test/nrfx_uarte.o
LOAD Output/Debug/Obj/sensor-test/app_error.o
LOAD Output/Debug/Obj/sensor-test/app_error_handler_gcc.o
LOAD Output/Debug/Obj/sensor-test/app_error_weak.o
LOAD Output/Debug/Obj/sensor-test/app_util_platform.o
LOAD Output/Debug/Obj/sensor-test/nrf_assert.o
LOAD Output/Debug/Obj/sensor-test/nrf_atomic.o
LOAD Output/Debug/Obj/sensor-test/nrf_balloc.o
LOAD Output/Debug/Obj/sensor-test/nrf_fprintf.o
LOAD Output/Debug/Obj/sensor-test/nrf_fprintf_format.o
LOAD Output/Debug/Obj/sensor-test/nrf_memobj.o
LOAD Output/Debug/Obj/sensor-test/nrf_ringbuf.o
LOAD Output/Debug/Obj/sensor-test/nrf_strerror.o
LOAD Output/Debug/Obj/sensor-test/nrf_log_backend_rtt.o
LOAD Output/Debug/Obj/sensor-test/nrf_log_backend_serial.o
LOAD Output/Debug/Obj/sensor-test/nrf_log_backend_uart.o
LOAD Output/Debug/Obj/sensor-test/nrf_log_default_backends.o
LOAD Output/Debug/Obj/sensor-test/nrf_log_frontend.o
LOAD Output/Debug/Obj/sensor-test/nrf_log_str_formatter.o
LOAD Output/Debug/Obj/sensor-test/SEGGER_RTT.o
LOAD Output/Debug/Obj/sensor-test/SEGGER_RTT_printf.o
LOAD Output/Debug/Obj/sensor-test/SEGGER_RTT_Syscalls_SES.o
LOAD Output/Debug/Obj/sensor-test/thumb_crt0.o
LOAD C:/Program Files/SEGGER/SEGGER Embedded Studio 8.10c/lib/libc_v7em_fpv4_sp_d16_hard_t_le_eabi_balanced.a
LOAD C:/Program Files/SEGGER/SEGGER Embedded Studio 8.10c/lib/heapops_basic_v7em_fpv4_sp_d16_hard_t_le_eabi_balanced.a
LOAD C:/Program Files/SEGGER/SEGGER Embedded Studio 8.10c/lib/heapops_disable_interrupts_locking_v7em_fpv4_sp_d16_hard_t_le_eabi_balanced.a
LOAD C:/Program Files/SEGGER/SEGGER Embedded Studio 8.10c/lib/strops_unaligned_v7em_fpv4_sp_d16_hard_t_le_eabi_balanced.a
END GROUP
OUTPUT(C:/nrf_sdk/nRF5_SDK_17.1.0_ddde560/examples/my_projects/sensor-test/pca10056/blank/ses/Output/Debug/Exe/sensor-test.elf elf32-littlearm)
LOAD linker stubs

.debug_info     0x00000000    0x15c70
 .debug_info    0x00000000     0x10b8 Output/Debug/Obj/sensor-test/main.o
 .debug_info    0x000010b8       0x23 Output/Debug/Obj/sensor-test/ses_startup_nrf52840.o
 .debug_info    0x000010db       0x23 Output/Debug/Obj/sensor-test/ses_startup_nrf_common.o
 .debug_info    0x000010fe     0x45ef Output/Debug/Obj/sensor-test/system_nrf52840.o
 .debug_info    0x000056ed     0x1390 Output/Debug/Obj/sensor-test/nrf_drv_twi.o
 .debug_info    0x00006a7d     0x11e7 Output/Debug/Obj/sensor-test/nrf_drv_uart.o
 .debug_info    0x00007c64      0x78f Output/Debug/Obj/sensor-test/nrfx_prs.o
 .debug_info    0x000083f3     0x1ef2 Output/Debug/Obj/sensor-test/nrfx_twim.o
 .debug_info    0x0000a2e5     0x1ed1 Output/Debug/Obj/sensor-test/nrfx_uart.o
 .debug_info    0x0000c1b6     0x1ff2 Output/Debug/Obj/sensor-test/nrfx_uarte.o
 .debug_info    0x0000e1a8      0x289 Output/Debug/Obj/sensor-test/app_error.o
 .debug_info    0x0000e431      0x101 Output/Debug/Obj/sensor-test/app_error_handler_gcc.o
 .debug_info    0x0000e532      0x3aa Output/Debug/Obj/sensor-test/app_error_weak.o
 .debug_info    0x0000e8dc      0x773 Output/Debug/Obj/sensor-test/app_util_platform.o
 .debug_info    0x0000f04f      0x135 Output/Debug/Obj/sensor-test/nrf_assert.o
 .debug_info    0x0000f184      0x879 Output/Debug/Obj/sensor-test/nrf_atomic.o
 .debug_info    0x0000f9fd      0x31b Output/Debug/Obj/sensor-test/nrf_balloc.o
 .debug_info    0x0000fd18      0x235 Output/Debug/Obj/sensor-test/nrf_fprintf.o
 .debug_info    0x0000ff4d      0x4c3 Output/Debug/Obj/sensor-test/nrf_fprintf_format.o
 .debug_info    0x00010410      0x763 Output/Debug/Obj/sensor-test/nrf_memobj.o
 .debug_info    0x00010b73      0x511 Output/Debug/Obj/sensor-test/nrf_ringbuf.o
 .debug_info    0x00011084      0x1c9 Output/Debug/Obj/sensor-test/nrf_strerror.o
 .debug_info    0x0001124d      0x6e6 Output/Debug/Obj/sensor-test/nrf_log_backend_serial.o
 .debug_info    0x00011933     0x10ca Output/Debug/Obj/sensor-test/nrf_log_backend_uart.o
 .debug_info    0x000129fd      0x2d6 Output/Debug/Obj/sensor-test/nrf_log_default_backends.o
 .debug_info    0x00012cd3     0x1a5d Output/Debug/Obj/sensor-test/nrf_log_frontend.o
 .debug_info    0x00014730      0x50c Output/Debug/Obj/sensor-test/nrf_log_str_formatter.o
 .debug_info    0x00014c3c      0xe43 Output/Debug/Obj/sensor-test/SEGGER_RTT.o
 .debug_info    0x00015a7f      0x1cf Output/Debug/Obj/sensor-test/SEGGER_RTT_Syscalls_SES.o
 .debug_info    0x00015c4e       0x22 Output/Debug/Obj/sensor-test/thumb_crt0.o

.debug_abbrev   0x00000000     0x38f7